<html>
<body>
<pre>
<h1>µVision Build Log</h1>
<h2>Project:</h2>
D:\programowanie\studia_KEIL\LabPpsw\Current\interupt.uvproj
Project File Date:  04/17/2025

<h2>Output:</h2>
Rebuild target 'Target 1'
assembling Startup.s...
compiling main.c...
linking...
.\interupt.axf: Error: L6218E: Undefined symbol LedInit (referred from main.o).
.\interupt.axf: Error: L6218E: Undefined symbol LedStepLeft (referred from main.o).
".\interupt.axf" - 2 Errors, 0 Warning(s).
Target not created
Rebuild target 'Target 1'
assembling Startup.s...
compiling main.c...
compiling keyboard.c...
compiling led.c...
compiling timer.c...
linking...
Program Size: Code=944 RO-data=32 RW-data=8 ZI-data=1256  
".\interupt.axf" - 0 Errors, 0 Warning(s).
Rebuild target 'Target 1'
assembling Startup.s...
compiling main.c...
compiling keyboard.c...
compiling led.c...
compiling timer.c...
linking...
Program Size: Code=1216 RO-data=32 RW-data=8 ZI-data=1256  
FromELF: creating hex file...
".\interupt.axf" - 0 Errors, 0 Warning(s).
