<html>
<body>
<pre>
<h1>µVision Build Log</h1>
<h2>Project:</h2>
C:\Users\student\LabPpsw\Current\GPIO_2.uvproj
Project File Date:  03/19/2025

<h2>Output:</h2>
Rebuild target 'Target 1'
assembling Startup.s...
compiling main.c...
linking...
Program Size: Code=968 RO-data=16 RW-data=0 ZI-data=1256  
FromELF: creating hex file...
".\GPIO_2.axf" - 0 Errors, 0 Warning(s).
Rebuild target 'Target 1'
assembling Startup.s...
compiling main.c...
main.c(27): error:  #20: identifier "bool" is undefined
".\GPIO_2.axf" - 1 Errors, 0 Warning(s).
Target not created
Rebuild target 'Target 1'
assembling Startup.s...
compiling main.c...
main.c(32): warning:  #940-D: missing return statement at end of non-void function "ReadKeyboard"
linking...
Program Size: Code=972 RO-data=16 RW-data=0 ZI-data=1256  
FromELF: creating hex file...
".\GPIO_2.axf" - 0 Errors, 1 Warning(s).
Rebuild target 'Target 1'
assembling Startup.s...
compiling main.c...
linking...
Program Size: Code=1016 RO-data=16 RW-data=0 ZI-data=1256  
FromELF: creating hex file...
".\GPIO_2.axf" - 0 Errors, 0 Warning(s).
Rebuild target 'Target 1'
assembling Startup.s...
compiling main.c...
main.c(17): error:  #20: identifier "volative" is undefined
main.c(17): error:  #65: expected a ";"
main.c(19): error:  #20: identifier "uiCounter" is undefined
".\GPIO_2.axf" - 3 Errors, 0 Warning(s).
Target not created
Rebuild target 'Target 1'
assembling Startup.s...
compiling main.c...
linking...
Program Size: Code=1016 RO-data=16 RW-data=0 ZI-data=1256  
FromELF: creating hex file...
".\GPIO_2.axf" - 0 Errors, 0 Warning(s).
Rebuild target 'Target 1'
assembling Startup.s...
compiling main.c...
linking...
Program Size: Code=980 RO-data=16 RW-data=0 ZI-data=1256  
FromELF: creating hex file...
".\GPIO_2.axf" - 0 Errors, 0 Warning(s).
Rebuild target 'Target 1'
assembling Startup.s...
compiling main.c...
main.c(73): error:  #7: unrecognized token
main.c(73): error:  #29: expected an expression
main.c(74): error:  #65: expected a ";"
".\GPIO_2.axf" - 3 Errors, 0 Warning(s).
Target not created
Rebuild target 'Target 1'
assembling Startup.s...
compiling main.c...
main.c(73): error:  #7: unrecognized token
main.c(73): error:  #29: expected an expression
main.c(74): error:  #65: expected a ";"
".\GPIO_2.axf" - 3 Errors, 0 Warning(s).
Target not created
Rebuild target 'Target 1'
assembling Startup.s...
compiling main.c...
linking...
Program Size: Code=980 RO-data=16 RW-data=0 ZI-data=1256  
FromELF: creating hex file...
".\GPIO_2.axf" - 0 Errors, 0 Warning(s).
Rebuild target 'Target 1'
assembling Startup.s...
compiling main.c...
main.c(80): error:  #65: expected a ";"
".\GPIO_2.axf" - 1 Errors, 0 Warning(s).
Target not created
Rebuild target 'Target 1'
assembling Startup.s...
compiling main.c...
linking...
Program Size: Code=988 RO-data=16 RW-data=0 ZI-data=1256  
FromELF: creating hex file...
".\GPIO_2.axf" - 0 Errors, 0 Warning(s).
Rebuild target 'Target 1'
assembling Startup.s...
compiling main.c...
linking...
Program Size: Code=1008 RO-data=16 RW-data=0 ZI-data=1256  
FromELF: creating hex file...
".\GPIO_2.axf" - 0 Errors, 0 Warning(s).
Rebuild target 'Target 1'
assembling Startup.s...
compiling main.c...
linking...
Program Size: Code=984 RO-data=16 RW-data=0 ZI-data=1256  
FromELF: creating hex file...
".\GPIO_2.axf" - 0 Errors, 0 Warning(s).
Rebuild target 'Target 1'
assembling Startup.s...
compiling main.c...
linking...
Program Size: Code=988 RO-data=16 RW-data=0 ZI-data=1256  
FromELF: creating hex file...
".\GPIO_2.axf" - 0 Errors, 0 Warning(s).
Rebuild target 'Target 1'
assembling Startup.s...
compiling main.c...
linking...
Program Size: Code=988 RO-data=16 RW-data=0 ZI-data=1256  
FromELF: creating hex file...
".\GPIO_2.axf" - 0 Errors, 0 Warning(s).
Rebuild target 'Target 1'
assembling Startup.s...
compiling main.c...
linking...
Program Size: Code=980 RO-data=16 RW-data=0 ZI-data=1256  
FromELF: creating hex file...
".\GPIO_2.axf" - 0 Errors, 0 Warning(s).
Rebuild target 'Target 1'
assembling Startup.s...
compiling main.c...
linking...
Program Size: Code=980 RO-data=16 RW-data=0 ZI-data=1256  
FromELF: creating hex file...
".\GPIO_2.axf" - 0 Errors, 0 Warning(s).
Clean started: Project: 'GPIO_2'
   deleting intermediate output files for target 'Target 1'
