<html>
<body>
<pre>
<h1>µVision Build Log</h1>
<h2>Project:</h2>
D:\programawonie\studia_KEIL\LabPpsw\Current\GPIO_2.uvproj
Project File Date:  03/12/2025

<h2>Output:</h2>
Rebuild target 'Target 1'
assembling Startup.s...
compiling main.c...
linking...
Program Size: Code=700 RO-data=16 RW-data=0 ZI-data=1256  
".\GPIO_2.axf" - 0 Errors, 0 Warning(s).
Rebuild target 'Target 1'
assembling Startup.s...
compiling main.c...
linking...
Program Size: Code=972 RO-data=16 RW-data=0 ZI-data=1256  
FromELF: creating hex file...
".\GPIO_2.axf" - 0 Errors, 0 Warning(s).
Rebuild target 'Target 1'
assembling Startup.s...
compiling main.c...
linking...
Program Size: Code=972 RO-data=16 RW-data=0 ZI-data=1256  
FromELF: creating hex file...
".\GPIO_2.axf" - 0 Errors, 0 Warning(s).
Rebuild target 'Target 1'
assembling Startup.s...
compiling main.c...
linking...
Program Size: Code=1028 RO-data=16 RW-data=0 ZI-data=1256  
FromELF: creating hex file...
".\GPIO_2.axf" - 0 Errors, 0 Warning(s).
Rebuild target 'Target 1'
assembling Startup.s...
compiling main.c...
linking...
Program Size: Code=980 RO-data=16 RW-data=0 ZI-data=1256  
FromELF: creating hex file...
".\GPIO_2.axf" - 0 Errors, 0 Warning(s).
Rebuild target 'Target 1'
assembling Startup.s...
compiling main.c...
linking...
Program Size: Code=928 RO-data=16 RW-data=0 ZI-data=1256  
FromELF: creating hex file...
".\GPIO_2.axf" - 0 Errors, 0 Warning(s).
Rebuild target 'Target 1'
assembling Startup.s...
compiling main.c...
linking...
Program Size: Code=936 RO-data=16 RW-data=0 ZI-data=1256  
FromELF: creating hex file...
".\GPIO_2.axf" - 0 Errors, 0 Warning(s).
Rebuild target 'Target 1'
assembling Startup.s...
compiling main.c...
main.c(34): error:  #7: unrecognized token
main.c(34): error:  #29: expected an expression
main.c(34): error:  #7: unrecognized token
main.c(37): error:  #7: unrecognized token
main.c(37): error:  #29: expected an expression
main.c(37): error:  #7: unrecognized token
main.c(40): error:  #7: unrecognized token
main.c(40): error:  #29: expected an expression
main.c(40): error:  #7: unrecognized token
main.c(43): error:  #7: unrecognized token
main.c(43): error:  #29: expected an expression
main.c(43): error:  #7: unrecognized token
".\GPIO_2.axf" - 12 Errors, 0 Warning(s).
Target not created
Rebuild target 'Target 1'
assembling Startup.s...
compiling main.c...
linking...
Program Size: Code=1060 RO-data=16 RW-data=0 ZI-data=1256  
FromELF: creating hex file...
".\GPIO_2.axf" - 0 Errors, 0 Warning(s).
Rebuild target 'Target 1'
assembling Startup.s...
compiling main.c...
linking...
Program Size: Code=964 RO-data=16 RW-data=0 ZI-data=1256  
FromELF: creating hex file...
".\GPIO_2.axf" - 0 Errors, 0 Warning(s).
Rebuild target 'Target 1'
assembling Startup.s...
compiling main.c...
linking...
Program Size: Code=984 RO-data=16 RW-data=0 ZI-data=1256  
FromELF: creating hex file...
".\GPIO_2.axf" - 0 Errors, 0 Warning(s).
Clean started: Project: 'GPIO_2'
   deleting intermediate output files for target 'Target 1'
