<html>
<body>
<pre>
<h1>µVision Build Log</h1>
<h2>Project:</h2>
C:\Users\student\Documents\Raczynski_B\Current\Raczynski.uvproj
Project File Date:  03/05/2025

<h2>Output:</h2>
Build target 'Target 1'
assembling Startup.s...
compiling main.c...
main.c(5): warning:  #550-D: variable "pin_16" was set but never used
linking...
.\Raczynski.axf: Error: L6218E: Undefined symbol main (referred from rtentry2.o).
".\Raczynski.axf" - 1 Errors, 1 Warning(s).
Target not created
Build target 'Target 1'
compiling main.c...
main.c(5): warning:  #550-D: variable "pin_16" was set but never used
linking...
Program Size: Code=716 RO-data=16 RW-data=0 ZI-data=1256  
FromELF: creating hex file...
".\Raczynski.axf" - 0 Errors, 1 Warning(s).
compiling main.c...
"main.c" - 0 Errors, 0 Warning(s).
compiling main.c...
"main.c" - 0 Errors, 0 Warning(s).
Build target 'Target 1'
compiling main.c...
linking...
Program Size: Code=720 RO-data=16 RW-data=0 ZI-data=1256  
FromELF: creating hex file...
".\Raczynski.axf" - 0 Errors, 0 Warning(s).
Build target 'Target 1'
compiling main.c...
main.c(17): warning:  #111-D: statement is unreachable
linking...
Program Size: Code=720 RO-data=16 RW-data=0 ZI-data=1256  
FromELF: creating hex file...
".\Raczynski.axf" - 0 Errors, 1 Warning(s).
Build target 'Target 1'
compiling main.c...
main.c(24): warning:  #111-D: statement is unreachable
linking...
Program Size: Code=756 RO-data=16 RW-data=0 ZI-data=1256  
FromELF: creating hex file...
".\Raczynski.axf" - 0 Errors, 1 Warning(s).
Build target 'Target 1'
compiling main.c...
linking...
Program Size: Code=756 RO-data=16 RW-data=0 ZI-data=1256  
FromELF: creating hex file...
".\Raczynski.axf" - 0 Errors, 0 Warning(s).
Build target 'Target 1'
compiling main.c...
linking...
Program Size: Code=780 RO-data=16 RW-data=0 ZI-data=1256  
FromELF: creating hex file...
".\Raczynski.axf" - 0 Errors, 0 Warning(s).
Build target 'Target 1'
compiling main.c...
linking...
Program Size: Code=756 RO-data=16 RW-data=0 ZI-data=1256  
FromELF: creating hex file...
".\Raczynski.axf" - 0 Errors, 0 Warning(s).
Build target 'Target 1'
compiling main.c...
main.c(4): warning:  #1295-D: Deprecated declaration delay - give arg types
main.c(8): error:  #29: expected an expression
main.c(8): error:  #20: identifier "i" is undefined
".\Raczynski.axf" - 2 Errors, 1 Warning(s).
Target not created
Build target 'Target 1'
compiling main.c...
main.c(8): error:  #29: expected an expression
main.c(8): error:  #20: identifier "i" is undefined
".\Raczynski.axf" - 2 Errors, 0 Warning(s).
Target not created
Build target 'Target 1'
compiling main.c...
main.c(31): error:  #29: expected an expression
main.c(31): error:  #20: identifier "i" is undefined
main.c(35): warning:  #1-D: last line of file ends without a newline
".\Raczynski.axf" - 2 Errors, 1 Warning(s).
Target not created
compiling main.c...
main.c(8): error:  #29: expected an expression
main.c(8): error:  #20: identifier "i" is undefined
main.c(35): warning:  #1-D: last line of file ends without a newline
"main.c" - 2 Errors, 1 Warning(s).
Build target 'Target 1'
compiling main.c...
main.c(11): error:  #29: expected an expression
".\Raczynski.axf" - 1 Errors, 0 Warning(s).
Target not created
Build target 'Target 1'
compiling main.c...
main.c(9): error:  #29: expected an expression
main.c(9): error:  #20: identifier "i" is undefined
".\Raczynski.axf" - 2 Errors, 0 Warning(s).
Target not created
Build target 'Target 1'
compiling main.c...
main.c(9): error:  #29: expected an expression
main.c(9): error:  #20: identifier "i" is undefined
".\Raczynski.axf" - 2 Errors, 0 Warning(s).
Target not created
Build target 'Target 1'
compiling main.c...
main.c(9): error:  #29: expected an expression
main.c(9): error:  #20: identifier "i" is undefined
".\Raczynski.axf" - 2 Errors, 0 Warning(s).
Target not created
Build target 'Target 1'
compiling main.c...
main.c(9): error:  #29: expected an expression
main.c(9): error:  #20: identifier "i" is undefined
".\Raczynski.axf" - 2 Errors, 0 Warning(s).
Target not created
Build target 'Target 1'
compiling main.c...
main.c(9): error:  #29: expected an expression
main.c(9): error:  #20: identifier "i" is undefined
".\Raczynski.axf" - 2 Errors, 0 Warning(s).
Target not created
Build target 'Target 1'
compiling main.c...
main.c(9): error:  #29: expected an expression
main.c(9): error:  #20: identifier "i" is undefined
".\Raczynski.axf" - 2 Errors, 0 Warning(s).
Target not created
Build target 'Target 1'
compiling main.c...
main.c(9): error:  #29: expected an expression
main.c(9): error:  #65: expected a ";"
main.c(9): error:  #29: expected an expression
main.c(9): error:  #65: expected a ";"
".\Raczynski.axf" - 4 Errors, 0 Warning(s).
Target not created
Build target 'Target 1'
compiling main.c...
main.c(9): error:  #29: expected an expression
main.c(9): error:  #20: identifier "i" is undefined
".\Raczynski.axf" - 2 Errors, 0 Warning(s).
Target not created
Build target 'Target 1'
compiling main.c...
main.c(9): error:  #29: expected an expression
main.c(9): error:  #20: identifier "i" is undefined
".\Raczynski.axf" - 2 Errors, 0 Warning(s).
Target not created
Build target 'Target 1'
compiling main.c...
main.c(9): error:  #29: expected an expression
main.c(9): error:  #20: identifier "i" is undefined
".\Raczynski.axf" - 2 Errors, 0 Warning(s).
Target not created
Build target 'Target 1'
compiling main.c...
main.c(9): error:  #29: expected an expression
main.c(9): error:  #20: identifier "i" is undefined
".\Raczynski.axf" - 2 Errors, 0 Warning(s).
Target not created
Build target 'Target 1'
compiling main.c...
main.c(9): error:  #29: expected an expression
".\Raczynski.axf" - 1 Errors, 0 Warning(s).
Target not created
Build target 'Target 1'
compiling main.c...
main.c(9): error:  #29: expected an expression
".\Raczynski.axf" - 1 Errors, 0 Warning(s).
Target not created
Build target 'Target 1'
compiling main.c...
main.c(9): error:  #29: expected an expression
".\Raczynski.axf" - 1 Errors, 0 Warning(s).
Target not created
Build target 'Target 1'
compiling main.c...
main.c(9): error:  #29: expected an expression
".\Raczynski.axf" - 1 Errors, 0 Warning(s).
Target not created
Build target 'Target 1'
compiling main.c...
main.c(9): error:  #29: expected an expression
".\Raczynski.axf" - 1 Errors, 0 Warning(s).
Target not created
Build target 'Target 1'
compiling main.c...
main.c(9): error:  #29: expected an expression
".\Raczynski.axf" - 1 Errors, 0 Warning(s).
Target not created
Build target 'Target 1'
compiling main.c...
main.c(6): error:  #29: expected an expression
main.c(6): error:  #20: identifier "i" is undefined
".\Raczynski.axf" - 2 Errors, 0 Warning(s).
Target not created
Build target 'Target 1'
compiling main.c...
main.c(6): error:  #29: expected an expression
main.c(6): error:  #20: identifier "i" is undefined
".\Raczynski.axf" - 2 Errors, 0 Warning(s).
Target not created
Build target 'Target 1'
compiling main.c...
main.c(6): error:  #29: expected an expression
main.c(6): error:  #20: identifier "i" is undefined
".\Raczynski.axf" - 2 Errors, 0 Warning(s).
Target not created
Build target 'Target 1'
compiling main.c...
main.c(6): error:  #29: expected an expression
main.c(6): error:  #20: identifier "i" is undefined
".\Raczynski.axf" - 2 Errors, 0 Warning(s).
Target not created
Build target 'Target 1'
compiling main.c...
main.c(6): error:  #29: expected an expression
main.c(6): error:  #20: identifier "i" is undefined
".\Raczynski.axf" - 2 Errors, 0 Warning(s).
Target not created
Build target 'Target 1'
compiling main.c...
main.c(6): error:  #29: expected an expression
main.c(6): error:  #20: identifier "i" is undefined
".\Raczynski.axf" - 2 Errors, 0 Warning(s).
Target not created
Build target 'Target 1'
compiling main.c...
main.c(6): error:  #29: expected an expression
main.c(6): error:  #20: identifier "i" is undefined
".\Raczynski.axf" - 2 Errors, 0 Warning(s).
Target not created
Build target 'Target 1'
compiling main.c...
main.c(6): error:  #29: expected an expression
main.c(6): error:  #20: identifier "i" is undefined
".\Raczynski.axf" - 2 Errors, 0 Warning(s).
Target not created
Build target 'Target 1'
compiling main.c...
main.c(6): error:  #29: expected an expression
main.c(6): error:  #20: identifier "i" is undefined
".\Raczynski.axf" - 2 Errors, 0 Warning(s).
Target not created
Build target 'Target 1'
compiling main.c...
main.c(6): error:  #29: expected an expression
main.c(6): error:  #20: identifier "i" is undefined
".\Raczynski.axf" - 2 Errors, 0 Warning(s).
Target not created
Build target 'Target 1'
compiling main.c...
main.c(6): error:  #29: expected an expression
main.c(6): error:  #20: identifier "i" is undefined
".\Raczynski.axf" - 2 Errors, 0 Warning(s).
Target not created
Build target 'Target 1'
compiling main.c...
main.c(6): error:  #29: expected an expression
main.c(6): error:  #20: identifier "i" is undefined
".\Raczynski.axf" - 2 Errors, 0 Warning(s).
Target not created
Build target 'Target 1'
compiling main.c...
main.c(6): error:  #29: expected an expression
main.c(6): error:  #20: identifier "i" is undefined
".\Raczynski.axf" - 2 Errors, 0 Warning(s).
Target not created
Build target 'Target 1'
compiling main.c...
main.c(6): error:  #29: expected an expression
main.c(6): error:  #20: identifier "i" is undefined
".\Raczynski.axf" - 2 Errors, 0 Warning(s).
Target not created
Build target 'Target 1'
compiling main.c...
main.c(6): error:  #29: expected an expression
main.c(6): error:  #20: identifier "i" is undefined
".\Raczynski.axf" - 2 Errors, 0 Warning(s).
Target not created
Build target 'Target 1'
compiling main.c...
main.c(6): error:  #29: expected an expression
main.c(6): error:  #20: identifier "i" is undefined
".\Raczynski.axf" - 2 Errors, 0 Warning(s).
Target not created
Build target 'Target 1'
compiling main.c...
main.c(6): error:  #29: expected an expression
main.c(6): error:  #20: identifier "i" is undefined
".\Raczynski.axf" - 2 Errors, 0 Warning(s).
Target not created
Build target 'Target 1'
compiling main.c...
main.c(7): error:  #29: expected an expression
main.c(7): error:  #20: identifier "i" is undefined
".\Raczynski.axf" - 2 Errors, 0 Warning(s).
Target not created
Build target 'Target 1'
compiling main.c...
main.c(7): error:  #29: expected an expression
main.c(7): error:  #20: identifier "i" is undefined
".\Raczynski.axf" - 2 Errors, 0 Warning(s).
Target not created
Build target 'Target 1'
compiling main.c...
main.c(7): error:  #29: expected an expression
main.c(7): error:  #20: identifier "i" is undefined
".\Raczynski.axf" - 2 Errors, 0 Warning(s).
Target not created
Build target 'Target 1'
compiling main.c...
main.c(7): error:  #29: expected an expression
main.c(7): error:  #20: identifier "i" is undefined
".\Raczynski.axf" - 2 Errors, 0 Warning(s).
Target not created
Build target 'Target 1'
compiling main.c...
main.c(7): error:  #29: expected an expression
main.c(7): error:  #20: identifier "i" is undefined
".\Raczynski.axf" - 2 Errors, 0 Warning(s).
Target not created
Build target 'Target 1'
compiling main.c...
main.c(7): error:  #29: expected an expression
main.c(7): error:  #20: identifier "i" is undefined
".\Raczynski.axf" - 2 Errors, 0 Warning(s).
Target not created
Build target 'Target 1'
compiling main.c...
main.c(7): error:  #29: expected an expression
main.c(7): error:  #20: identifier "i" is undefined
".\Raczynski.axf" - 2 Errors, 0 Warning(s).
Target not created
Build target 'Target 1'
compiling main.c...
main.c(7): error:  #29: expected an expression
main.c(7): error:  #20: identifier "i" is undefined
".\Raczynski.axf" - 2 Errors, 0 Warning(s).
Target not created
Build target 'Target 1'
compiling main.c...
main.c(7): error:  #29: expected an expression
main.c(7): error:  #20: identifier "i" is undefined
".\Raczynski.axf" - 2 Errors, 0 Warning(s).
Target not created
Build target 'Target 1'
compiling main.c...
linking...
Program Size: Code=788 RO-data=16 RW-data=0 ZI-data=1256  
FromELF: creating hex file...
".\Raczynski.axf" - 0 Errors, 0 Warning(s).
Build target 'Target 1'
compiling main.c...
linking...
Program Size: Code=788 RO-data=16 RW-data=0 ZI-data=1256  
FromELF: creating hex file...
".\Raczynski.axf" - 0 Errors, 0 Warning(s).
Build target 'Target 1'
linking...
Program Size: Code=788 RO-data=16 RW-data=0 ZI-data=1256  
FromELF: creating hex file...
".\Raczynski.axf" - 0 Errors, 0 Warning(s).
Build target 'Target 1'
compiling main.c...
linking...
Program Size: Code=796 RO-data=16 RW-data=0 ZI-data=1256  
FromELF: creating hex file...
".\Raczynski.axf" - 0 Errors, 0 Warning(s).
Build target 'Target 1'
compiling main.c...
linking...
Program Size: Code=804 RO-data=16 RW-data=0 ZI-data=1256  
FromELF: creating hex file...
".\Raczynski.axf" - 0 Errors, 0 Warning(s).
Build target 'Target 1'
compiling main.c...
linking...
Program Size: Code=804 RO-data=16 RW-data=0 ZI-data=1256  
FromELF: creating hex file...
".\Raczynski.axf" - 0 Errors, 0 Warning(s).
Clean started: Project: 'Raczynski'
   deleting intermediate output files for target 'Target 1'
