<html>
<body>
<pre>
<h1>µVision Build Log</h1>
<h2>Project:</h2>
D:\programowanie\studia_KEIL\LabPpsw\Current\serwo.uvproj
Project File Date:  04/18/2025

<h2>Output:</h2>
Rebuild target 'Target 1'
assembling Startup.s...
compiling main.c...
compiling keyboard.c...
compiling led.c...
compiling timer.c...
compiling timer_interrupts.c...
linking...
Program Size: Code=1432 RO-data=32 RW-data=8 ZI-data=1256  
".\serwo.axf" - 0 Errors, 0 Warning(s).
Rebuild target 'Target 1'
assembling Startup.s...
compiling main.c...
compiling keyboard.c...
compiling led.c...
compiling timer.c...
compiling timer_interrupts.c...
linking...
Program Size: Code=1704 RO-data=32 RW-data=8 ZI-data=1256  
FromELF: creating hex file...
".\serwo.axf" - 0 Errors, 0 Warning(s).
Rebuild target 'Target 1'
assembling Startup.s...
compiling main.c...
compiling keyboard.c...
compiling led.c...
compiling timer.c...
compiling timer_interrupts.c...
linking...
Program Size: Code=1708 RO-data=32 RW-data=8 ZI-data=1256  
FromELF: creating hex file...
".\serwo.axf" - 0 Errors, 0 Warning(s).
