<html>
<body>
<pre>
<h1>µVision Build Log</h1>
<h2>Project:</h2>
D:\programowanie\studia_KEIL\LabPpsw\Current\timer.uvproj
Project File Date:  04/16/2025

<h2>Output:</h2>
Rebuild target 'Target 1'
assembling Startup.s...
compiling main.c...
compiling timer.c...
linking...
.\timer.axf: Error: L6218E: Undefined symbol KeyboardInit (referred from main.o).
.\timer.axf: Error: L6218E: Undefined symbol LedInit (referred from main.o).
.\timer.axf: Error: L6218E: Undefined symbol LedStepLeft (referred from main.o).
".\timer.axf" - 3 Errors, 0 Warning(s).
Target not created
Rebuild target 'Target 1'
assembling Startup.s...
compiling main.c...
compiling timer.c...
compiling keyboard.c...
compiling led.c...
linking...
Program Size: Code=1284 RO-data=32 RW-data=4 ZI-data=1260  
FromELF: creating hex file...
".\timer.axf" - 0 Errors, 0 Warning(s).
Rebuild target 'Target 1'
assembling Startup.s...
compiling main.c...
compiling timer.c...
compiling keyboard.c...
compiling led.c...
linking...
Program Size: Code=1284 RO-data=32 RW-data=4 ZI-data=1260  
FromELF: creating hex file...
".\timer.axf" - 0 Errors, 0 Warning(s).
Rebuild target 'Target 1'
assembling Startup.s...
compiling main.c...
main.c(12): warning:  #223-D: function "WaitOnTimer0Match0" declared implicitly
compiling timer.c...
compiling keyboard.c...
compiling led.c...
linking...
Program Size: Code=1396 RO-data=32 RW-data=4 ZI-data=1260  
FromELF: creating hex file...
".\timer.axf" - 0 Errors, 1 Warning(s).
Rebuild target 'Target 1'
assembling Startup.s...
compiling main.c...
compiling timer.c...
compiling keyboard.c...
compiling led.c...
linking...
Program Size: Code=1396 RO-data=32 RW-data=4 ZI-data=1260  
FromELF: creating hex file...
".\timer.axf" - 0 Errors, 0 Warning(s).
Rebuild target 'Target 1'
assembling Startup.s...
compiling main.c...
compiling timer.c...
compiling keyboard.c...
compiling led.c...
linking...
Program Size: Code=1396 RO-data=32 RW-data=4 ZI-data=1260  
FromELF: creating hex file...
".\timer.axf" - 0 Errors, 0 Warning(s).
Rebuild target 'Target 1'
assembling Startup.s...
compiling main.c...
compiling timer.c...
compiling keyboard.c...
compiling led.c...
linking...
Program Size: Code=1404 RO-data=32 RW-data=4 ZI-data=1260  
FromELF: creating hex file...
".\timer.axf" - 0 Errors, 0 Warning(s).
Rebuild target 'Target 1'
assembling Startup.s...
compiling main.c...
compiling timer.c...
compiling keyboard.c...
compiling led.c...
linking...
Program Size: Code=1396 RO-data=32 RW-data=4 ZI-data=1260  
FromELF: creating hex file...
".\timer.axf" - 0 Errors, 0 Warning(s).
Rebuild target 'Target 1'
assembling Startup.s...
compiling main.c...
compiling timer.c...
compiling keyboard.c...
compiling led.c...
linking...
Program Size: Code=1396 RO-data=32 RW-data=4 ZI-data=1260  
FromELF: creating hex file...
".\timer.axf" - 0 Errors, 0 Warning(s).
Rebuild target 'Target 1'
assembling Startup.s...
compiling main.c...
compiling timer.c...
compiling keyboard.c...
compiling led.c...
linking...
Program Size: Code=1396 RO-data=32 RW-data=4 ZI-data=1260  
FromELF: creating hex file...
".\timer.axf" - 0 Errors, 0 Warning(s).
Rebuild target 'Target 1'
assembling Startup.s...
compiling main.c...
compiling timer.c...
compiling keyboard.c...
compiling led.c...
linking...
Program Size: Code=1396 RO-data=32 RW-data=4 ZI-data=1260  
FromELF: creating hex file...
".\timer.axf" - 0 Errors, 0 Warning(s).
Rebuild target 'Target 1'
assembling Startup.s...
compiling main.c...
compiling timer.c...
compiling keyboard.c...
compiling led.c...
linking...
Program Size: Code=1396 RO-data=32 RW-data=4 ZI-data=1260  
FromELF: creating hex file...
".\timer.axf" - 0 Errors, 0 Warning(s).
Rebuild target 'Target 1'
assembling Startup.s...
compiling main.c...
compiling timer.c...
compiling keyboard.c...
compiling led.c...
linking...
Program Size: Code=1404 RO-data=32 RW-data=4 ZI-data=1260  
FromELF: creating hex file...
".\timer.axf" - 0 Errors, 0 Warning(s).
Rebuild target 'Target 1'
assembling Startup.s...
compiling main.c...
compiling timer.c...
compiling keyboard.c...
compiling led.c...
linking...
Program Size: Code=1404 RO-data=32 RW-data=4 ZI-data=1260  
FromELF: creating hex file...
".\timer.axf" - 0 Errors, 0 Warning(s).
Clean started: Project: 'timer'
   deleting intermediate output files for target 'Target 1'
