<html>
<body>
<pre>
<h1>µVision Build Log</h1>
<h2>Project:</h2>
D:\programowanie\studia_KEIL\LabPpsw\Current\trasmit.uvproj
Project File Date:  05/17/2025

<h2>Output:</h2>
Rebuild target 'Target 1'
assembling Startup.s...
compiling main.c...
compiling uart.c...
compiling timer_interrupts.c...
compiling timer.c...
compiling string.c...
compiling servo.c...
compiling led.c...
compiling keyboard.c...
compiling command_decoder.c...
linking...
Program Size: Code=5812 RO-data=48 RW-data=36 ZI-data=1324  
FromELF: creating hex file...
".\trasmit.axf" - 0 Errors, 0 Warning(s).
Rebuild target 'Target 1'
assembling Startup.s...
compiling main.c...
main.c(35): warning:  #177-D: variable "uiTransmitCounter" was declared but never referenced
compiling uart.c...
compiling timer_interrupts.c...
compiling string.c...
compiling servo.c...
compiling led.c...
compiling keyboard.c...
compiling command_decoder.c...
linking...
Program Size: Code=5888 RO-data=64 RW-data=40 ZI-data=1320  
FromELF: creating hex file...
".\trasmit.axf" - 0 Errors, 1 Warning(s).
Rebuild target 'Target 1'
assembling Startup.s...
compiling main.c...
compiling uart.c...
compiling timer_interrupts.c...
compiling string.c...
compiling servo.c...
compiling led.c...
compiling keyboard.c...
compiling command_decoder.c...
linking...
Program Size: Code=5884 RO-data=64 RW-data=40 ZI-data=1320  
FromELF: creating hex file...
".\trasmit.axf" - 0 Errors, 0 Warning(s).
Rebuild target 'Target 1'
assembling Startup.s...
compiling main.c...
compiling uart.c...
compiling timer_interrupts.c...
compiling string.c...
compiling servo.c...
compiling led.c...
compiling keyboard.c...
compiling command_decoder.c...
linking...
Program Size: Code=5996 RO-data=80 RW-data=40 ZI-data=1328  
FromELF: creating hex file...
".\trasmit.axf" - 0 Errors, 0 Warning(s).
Rebuild target 'Target 1'
assembling Startup.s...
compiling main.c...
main.c(83): error:  #165: too few arguments in function call
main.c(83): error:  #65: expected a ";"
compiling uart.c...
compiling timer_interrupts.c...
compiling string.c...
compiling servo.c...
compiling led.c...
compiling keyboard.c...
compiling command_decoder.c...
".\trasmit.axf" - 2 Errors, 0 Warning(s).
Target not created
Rebuild target 'Target 1'
assembling Startup.s...
compiling main.c...
compiling uart.c...
compiling timer_interrupts.c...
compiling string.c...
compiling servo.c...
compiling led.c...
compiling keyboard.c...
compiling command_decoder.c...
linking...
Program Size: Code=5996 RO-data=80 RW-data=40 ZI-data=1328  
FromELF: creating hex file...
".\trasmit.axf" - 0 Errors, 0 Warning(s).
Rebuild target 'Target 1'
assembling Startup.s...
compiling main.c...
compiling uart.c...
compiling timer_interrupts.c...
compiling string.c...
compiling servo.c...
compiling led.c...
compiling keyboard.c...
compiling command_decoder.c...
linking...
Program Size: Code=5996 RO-data=80 RW-data=40 ZI-data=1328  
FromELF: creating hex file...
".\trasmit.axf" - 0 Errors, 0 Warning(s).
Rebuild target 'Target 1'
assembling Startup.s...
compiling main.c...
compiling uart.c...
compiling timer_interrupts.c...
compiling string.c...
compiling servo.c...
compiling led.c...
compiling keyboard.c...
compiling command_decoder.c...
linking...
Program Size: Code=6012 RO-data=80 RW-data=40 ZI-data=1328  
FromELF: creating hex file...
".\trasmit.axf" - 0 Errors, 0 Warning(s).
Rebuild target 'Target 1'
assembling Startup.s...
compiling main.c...
compiling uart.c...
compiling timer_interrupts.c...
compiling string.c...
compiling servo.c...
compiling led.c...
compiling keyboard.c...
compiling command_decoder.c...
linking...
Program Size: Code=6016 RO-data=80 RW-data=40 ZI-data=1328  
FromELF: creating hex file...
".\trasmit.axf" - 0 Errors, 0 Warning(s).
Rebuild target 'Target 1'
assembling Startup.s...
compiling main.c...
compiling uart.c...
compiling timer_interrupts.c...
compiling string.c...
compiling servo.c...
compiling led.c...
compiling keyboard.c...
compiling command_decoder.c...
linking...
Program Size: Code=6036 RO-data=80 RW-data=40 ZI-data=1328  
FromELF: creating hex file...
".\trasmit.axf" - 0 Errors, 0 Warning(s).
Rebuild target 'Target 1'
assembling Startup.s...
compiling main.c...
compiling uart.c...
compiling timer_interrupts.c...
compiling string.c...
compiling servo.c...
compiling led.c...
compiling keyboard.c...
compiling command_decoder.c...
linking...
Program Size: Code=6048 RO-data=80 RW-data=40 ZI-data=1328  
FromELF: creating hex file...
".\trasmit.axf" - 0 Errors, 0 Warning(s).
Rebuild target 'Target 1'
assembling Startup.s...
compiling main.c...
compiling uart.c...
compiling timer_interrupts.c...
compiling string.c...
compiling servo.c...
compiling led.c...
compiling keyboard.c...
compiling command_decoder.c...
linking...
Program Size: Code=6036 RO-data=80 RW-data=40 ZI-data=1328  
FromELF: creating hex file...
".\trasmit.axf" - 0 Errors, 0 Warning(s).
Rebuild target 'Target 1'
assembling Startup.s...
compiling main.c...
compiling uart.c...
compiling timer_interrupts.c...
compiling string.c...
compiling servo.c...
compiling led.c...
compiling keyboard.c...
compiling command_decoder.c...
linking...
Program Size: Code=6036 RO-data=80 RW-data=52 ZI-data=1324  
FromELF: creating hex file...
".\trasmit.axf" - 0 Errors, 0 Warning(s).
Rebuild target 'Target 1'
assembling Startup.s...
compiling main.c...
compiling uart.c...
compiling timer_interrupts.c...
compiling string.c...
compiling servo.c...
compiling led.c...
compiling keyboard.c...
compiling command_decoder.c...
linking...
Program Size: Code=6052 RO-data=80 RW-data=52 ZI-data=1324  
FromELF: creating hex file...
".\trasmit.axf" - 0 Errors, 0 Warning(s).
Rebuild target 'Target 1'
assembling Startup.s...
compiling main.c...
compiling uart.c...
compiling timer_interrupts.c...
compiling string.c...
compiling servo.c...
compiling led.c...
compiling keyboard.c...
compiling command_decoder.c...
linking...
Program Size: Code=6060 RO-data=80 RW-data=52 ZI-data=1324  
FromELF: creating hex file...
".\trasmit.axf" - 0 Errors, 0 Warning(s).
Rebuild target 'Target 1'
assembling Startup.s...
compiling main.c...
compiling uart.c...
compiling timer_interrupts.c...
compiling string.c...
compiling servo.c...
compiling led.c...
compiling keyboard.c...
compiling command_decoder.c...
linking...
Program Size: Code=6068 RO-data=80 RW-data=52 ZI-data=1324  
FromELF: creating hex file...
".\trasmit.axf" - 0 Errors, 0 Warning(s).
Rebuild target 'Target 1'
assembling Startup.s...
compiling main.c...
compiling uart.c...
compiling timer_interrupts.c...
compiling string.c...
compiling servo.c...
compiling led.c...
compiling keyboard.c...
compiling command_decoder.c...
linking...
Program Size: Code=6068 RO-data=80 RW-data=52 ZI-data=1324  
FromELF: creating hex file...
".\trasmit.axf" - 0 Errors, 0 Warning(s).
Clean started: Project: 'trasmit'
   deleting intermediate output files for target 'Target 1'
