<html>
<body>
<pre>
<h1>µVision Build Log</h1>
<h2>Project:</h2>
D:\programowanie\studia_KEIL\LabPpsw\Current\uart.uvproj
Project File Date:  05/13/2025

<h2>Output:</h2>
Rebuild target 'Target 1'
assembling Startup.s...
compiling uart.c...
compiling keyboard.c...
compiling servo.c...
compiling timer.c...
compiling timer_interrupts.c...
compiling main.c...
compiling led.c...
linking...
Program Size: Code=3776 RO-data=32 RW-data=12 ZI-data=1268  
FromELF: creating hex file...
".\uart.axf" - 0 Errors, 0 Warning(s).
Rebuild target 'Target 1'
assembling Startup.s...
compiling uart.c...
compiling keyboard.c...
compiling servo.c...
compiling timer.c...
compiling timer_interrupts.c...
compiling main.c...
compiling led.c...
linking...
Program Size: Code=3800 RO-data=32 RW-data=12 ZI-data=1268  
FromELF: creating hex file...
".\uart.axf" - 0 Errors, 0 Warning(s).
Rebuild target 'Target 1'
assembling Startup.s...
compiling uart.c...
compiling keyboard.c...
compiling servo.c...
compiling timer.c...
compiling timer_interrupts.c...
compiling main.c...
main.c(92): error: At end of source:  #67: expected a "}"
compiling led.c...
".\uart.axf" - 1 Errors, 0 Warning(s).
Target not created
Rebuild target 'Target 1'
assembling Startup.s...
compiling uart.c...
compiling keyboard.c...
compiling servo.c...
compiling timer.c...
compiling timer_interrupts.c...
compiling main.c...
compiling led.c...
linking...
Program Size: Code=3792 RO-data=32 RW-data=12 ZI-data=1268  
FromELF: creating hex file...
".\uart.axf" - 0 Errors, 0 Warning(s).
Rebuild target 'Target 1'
assembling Startup.s...
compiling uart.c...
compiling keyboard.c...
compiling servo.c...
compiling timer.c...
compiling timer_interrupts.c...
compiling main.c...
compiling led.c...
linking...
Program Size: Code=3800 RO-data=32 RW-data=12 ZI-data=1268  
FromELF: creating hex file...
".\uart.axf" - 0 Errors, 0 Warning(s).
Rebuild target 'Target 1'
assembling Startup.s...
compiling uart.c...
compiling keyboard.c...
compiling servo.c...
compiling timer.c...
compiling timer_interrupts.c...
compiling main.c...
compiling led.c...
linking...
Program Size: Code=3800 RO-data=32 RW-data=12 ZI-data=1268  
FromELF: creating hex file...
".\uart.axf" - 0 Errors, 0 Warning(s).
Rebuild target 'Target 1'
assembling Startup.s...
compiling uart.c...
compiling keyboard.c...
compiling servo.c...
compiling timer.c...
compiling timer_interrupts.c...
compiling main.c...
compiling led.c...
linking...
Program Size: Code=3820 RO-data=32 RW-data=12 ZI-data=1268  
FromELF: creating hex file...
".\uart.axf" - 0 Errors, 0 Warning(s).
Rebuild target 'Target 1'
assembling Startup.s...
compiling uart.c...
compiling keyboard.c...
compiling servo.c...
compiling timer.c...
compiling timer_interrupts.c...
compiling main.c...
compiling led.c...
linking...
Program Size: Code=3820 RO-data=32 RW-data=12 ZI-data=1268  
FromELF: creating hex file...
".\uart.axf" - 0 Errors, 0 Warning(s).
Rebuild target 'Target 1'
assembling Startup.s...
compiling uart.c...
compiling keyboard.c...
compiling servo.c...
compiling timer.c...
compiling timer_interrupts.c...
compiling main.c...
compiling led.c...
linking...
Program Size: Code=3812 RO-data=32 RW-data=12 ZI-data=1268  
FromELF: creating hex file...
".\uart.axf" - 0 Errors, 0 Warning(s).
Rebuild target 'Target 1'
assembling Startup.s...
compiling uart.c...
compiling keyboard.c...
compiling servo.c...
compiling timer.c...
compiling timer_interrupts.c...
compiling main.c...
compiling led.c...
linking...
Program Size: Code=3812 RO-data=32 RW-data=12 ZI-data=1268  
FromELF: creating hex file...
".\uart.axf" - 0 Errors, 0 Warning(s).
Rebuild target 'Target 1'
assembling Startup.s...
compiling uart.c...
compiling keyboard.c...
compiling servo.c...
compiling timer.c...
compiling timer_interrupts.c...
compiling main.c...
compiling led.c...
linking...
Program Size: Code=3800 RO-data=32 RW-data=12 ZI-data=1268  
FromELF: creating hex file...
".\uart.axf" - 0 Errors, 0 Warning(s).
Rebuild target 'Target 1'
assembling Startup.s...
compiling uart.c...
compiling keyboard.c...
compiling servo.c...
compiling timer.c...
compiling timer_interrupts.c...
compiling main.c...
compiling led.c...
linking...
Program Size: Code=3800 RO-data=32 RW-data=12 ZI-data=1268  
FromELF: creating hex file...
".\uart.axf" - 0 Errors, 0 Warning(s).
Clean started: Project: 'uart'
   deleting intermediate output files for target 'Target 1'
