<html>
<body>
<pre>
<h1>µVision Build Log</h1>
<h2>Project:</h2>
D:\programowanie\studia_KEIL\LabPpsw\Current\uart.uvproj
Project File Date:  04/28/2025

<h2>Output:</h2>
Rebuild target 'Target 1'
assembling Startup.s...
compiling uart.c...
uart.c(51): error:  #20: identifier "unigned" is undefined
uart.c(51): error:  #84: invalid combination of type specifiers
uart.c(56): error:  #65: expected a ";"
uart.c(64): warning:  #1-D: last line of file ends without a newline
uart.c(64): warning: At end of source:  #12-D: parsing restarts here after previous syntax error
uart.c(64): error: At end of source:  #67: expected a "}"
compiling keyboard.c...
compiling led.c...
compiling servo.c...
compiling timer.c...
compiling timer_interrupts.c...
compiling main.c...
main.c(5): error:  #5: cannot open source input file "uart.h": No such file or directory
".\uart.axf" - 5 Errors, 2 Warning(s).
Target not created
Rebuild target 'Target 1'
assembling Startup.s...
compiling uart.c...
uart.c(56): error:  #65: expected a ";"
uart.c(64): warning:  #1-D: last line of file ends without a newline
uart.c(64): warning: At end of source:  #12-D: parsing restarts here after previous syntax error
uart.c(64): error: At end of source:  #67: expected a "}"
compiling keyboard.c...
compiling led.c...
compiling servo.c...
..\Library\servo.c(85): warning:  #223-D: function "Timer0Interrupts_Init" declared implicitly
compiling timer.c...
compiling timer_interrupts.c...
compiling main.c...
".\uart.axf" - 2 Errors, 3 Warning(s).
Target not created
Rebuild target 'Target 1'
assembling Startup.s...
compiling uart.c...
uart.c(56): error:  #65: expected a ";"
uart.c(64): warning:  #1-D: last line of file ends without a newline
uart.c(64): warning: At end of source:  #12-D: parsing restarts here after previous syntax error
uart.c(64): error: At end of source:  #67: expected a "}"
compiling keyboard.c...
compiling led.c...
compiling servo.c...
compiling timer.c...
compiling timer_interrupts.c...
compiling main.c...
".\uart.axf" - 2 Errors, 2 Warning(s).
Target not created
Rebuild target 'Target 1'
assembling Startup.s...
compiling uart.c...
uart.c(56): error:  #65: expected a ";"
compiling keyboard.c...
compiling led.c...
compiling servo.c...
compiling timer.c...
compiling timer_interrupts.c...
compiling main.c...
".\uart.axf" - 1 Errors, 0 Warning(s).
Target not created
Rebuild target 'Target 1'
assembling Startup.s...
compiling uart.c...
uart.c(56): error:  #65: expected a ";"
uart.c(64): warning: At end of source:  #12-D: parsing restarts here after previous syntax error
uart.c(64): error: At end of source:  #67: expected a "}"
compiling keyboard.c...
compiling led.c...
compiling servo.c...
compiling timer.c...
compiling timer_interrupts.c...
compiling main.c...
".\uart.axf" - 2 Errors, 1 Warning(s).
Target not created
Rebuild target 'Target 1'
assembling Startup.s...
compiling uart.c...
compiling keyboard.c...
compiling led.c...
compiling servo.c...
compiling timer.c...
compiling timer_interrupts.c...
compiling main.c...
linking...
Program Size: Code=3012 RO-data=32 RW-data=8 ZI-data=1272  
FromELF: creating hex file...
".\uart.axf" - 0 Errors, 0 Warning(s).
Rebuild target 'Target 1'
assembling Startup.s...
compiling uart.c...
compiling keyboard.c...
compiling led.c...
compiling servo.c...
compiling timer.c...
compiling timer_interrupts.c...
compiling main.c...
linking...
Program Size: Code=3012 RO-data=32 RW-data=8 ZI-data=1272  
FromELF: creating hex file...
".\uart.axf" - 0 Errors, 0 Warning(s).
compiling main.c...
"main.c" - 0 Errors, 0 Warning(s).
Rebuild target 'Target 1'
assembling Startup.s...
compiling uart.c...
compiling keyboard.c...
compiling led.c...
compiling servo.c...
compiling timer.c...
compiling timer_interrupts.c...
compiling main.c...
linking...
Program Size: Code=3660 RO-data=32 RW-data=8 ZI-data=1272  
FromELF: creating hex file...
".\uart.axf" - 0 Errors, 0 Warning(s).
Rebuild target 'Target 1'
assembling Startup.s...
compiling uart.c...
compiling keyboard.c...
compiling led.c...
compiling servo.c...
compiling timer.c...
compiling timer_interrupts.c...
compiling main.c...
linking...
Program Size: Code=3656 RO-data=32 RW-data=8 ZI-data=1272  
FromELF: creating hex file...
".\uart.axf" - 0 Errors, 0 Warning(s).
Rebuild target 'Target 1'
assembling Startup.s...
compiling uart.c...
compiling keyboard.c...
compiling led.c...
compiling servo.c...
compiling timer.c...
compiling timer_interrupts.c...
compiling main.c...
linking...
Program Size: Code=3656 RO-data=32 RW-data=8 ZI-data=1272  
FromELF: creating hex file...
".\uart.axf" - 0 Errors, 0 Warning(s).
Rebuild target 'Target 1'
assembling Startup.s...
compiling uart.c...
compiling keyboard.c...
compiling led.c...
compiling servo.c...
compiling timer.c...
compiling timer_interrupts.c...
compiling main.c...
linking...
Program Size: Code=3656 RO-data=32 RW-data=8 ZI-data=1272  
FromELF: creating hex file...
".\uart.axf" - 0 Errors, 0 Warning(s).
Clean started: Project: 'uart'
   deleting intermediate output files for target 'Target 1'
