<html>
<body>
<pre>
<h1>µVision Build Log</h1>
<h2>Project:</h2>
D:\programowanie\studia_KEIL\LabPpsw\Current\trasmit.uvproj
Project File Date:  05/17/2025

<h2>Output:</h2>
Rebuild target 'Target 1'
assembling Startup.s...
compiling main.c...
compiling uart.c...
compiling timer_interrupts.c...
compiling string.c...
compiling servo.c...
compiling led.c...
compiling keyboard.c...
compiling command_decoder.c...
linking...
Program Size: Code=5948 RO-data=80 RW-data=52 ZI-data=1332  
FromELF: creating hex file...
".\trasmit.axf" - 0 Errors, 0 Warning(s).
Rebuild target 'Target 1'
assembling Startup.s...
compiling main.c...
compiling uart.c...
compiling timer_interrupts.c...
compiling string.c...
compiling servo.c...
compiling led.c...
compiling keyboard.c...
compiling command_decoder.c...
linking...
Program Size: Code=5872 RO-data=80 RW-data=52 ZI-data=1332  
FromELF: creating hex file...
".\trasmit.axf" - 0 Errors, 0 Warning(s).
Rebuild target 'Target 1'
assembling Startup.s...
compiling main.c...
compiling uart.c...
compiling timer_interrupts.c...
compiling string.c...
compiling servo.c...
compiling led.c...
compiling keyboard.c...
compiling command_decoder.c...
linking...
Program Size: Code=5856 RO-data=80 RW-data=52 ZI-data=1332  
FromELF: creating hex file...
".\trasmit.axf" - 0 Errors, 0 Warning(s).
Rebuild target 'Target 1'
assembling Startup.s...
compiling main.c...
compiling uart.c...
compiling timer_interrupts.c...
compiling string.c...
compiling servo.c...
compiling led.c...
compiling keyboard.c...
compiling command_decoder.c...
linking...
Program Size: Code=5856 RO-data=80 RW-data=52 ZI-data=1332  
FromELF: creating hex file...
".\trasmit.axf" - 0 Errors, 0 Warning(s).
Rebuild target 'Target 1'
assembling Startup.s...
compiling main.c...
compiling uart.c...
compiling timer_interrupts.c...
compiling string.c...
compiling servo.c...
compiling led.c...
compiling keyboard.c...
compiling command_decoder.c...
linking...
Program Size: Code=5856 RO-data=80 RW-data=52 ZI-data=1332  
FromELF: creating hex file...
".\trasmit.axf" - 0 Errors, 0 Warning(s).
