<html>
<body>
<pre>
<h1>µVision Build Log</h1>
<h2>Project:</h2>
C:\Users\student\LabPpsw\TransmitEND\trasmit.uvproj
Project File Date:  06/02/2025

<h2>Output:</h2>
Rebuild target 'Target 1'
assembling Startup.s...
compiling main.c...
compiling uart.c...
compiling timer_interrupts.c...
compiling string.c...
compiling servo.c...
compiling led.c...
compiling keyboard.c...
compiling command_decoder.c...
linking...
Program Size: Code=5848 RO-data=80 RW-data=52 ZI-data=1324  
FromELF: creating hex file...
".\trasmit.axf" - 0 Errors, 0 Warning(s).
Rebuild target 'Target 1'
assembling Startup.s...
compiling main.c...
compiling uart.c...
compiling timer_interrupts.c...
compiling string.c...
compiling servo.c...
compiling led.c...
compiling keyboard.c...
compiling command_decoder.c...
linking...
Program Size: Code=5844 RO-data=80 RW-data=52 ZI-data=1324  
FromELF: creating hex file...
".\trasmit.axf" - 0 Errors, 0 Warning(s).
Rebuild target 'Target 1'
assembling Startup.s...
compiling main.c...
compiling uart.c...
compiling timer_interrupts.c...
compiling string.c...
compiling servo.c...
compiling led.c...
compiling keyboard.c...
compiling command_decoder.c...
linking...
Program Size: Code=5896 RO-data=104 RW-data=52 ZI-data=1324  
FromELF: creating hex file...
".\trasmit.axf" - 0 Errors, 0 Warning(s).
Rebuild target 'Target 1'
assembling Startup.s...
compiling main.c...
compiling uart.c...
compiling timer_interrupts.c...
compiling string.c...
compiling servo.c...
compiling led.c...
compiling keyboard.c...
compiling command_decoder.c...
linking...
Program Size: Code=5900 RO-data=104 RW-data=52 ZI-data=1324  
FromELF: creating hex file...
".\trasmit.axf" - 0 Errors, 0 Warning(s).
Rebuild target 'Target 1'
assembling Startup.s...
compiling main.c...
compiling uart.c...
compiling timer_interrupts.c...
compiling string.c...
compiling servo.c...
compiling led.c...
compiling keyboard.c...
compiling command_decoder.c...
linking...
Program Size: Code=5900 RO-data=104 RW-data=52 ZI-data=1324  
FromELF: creating hex file...
".\trasmit.axf" - 0 Errors, 0 Warning(s).
Rebuild target 'Target 1'
assembling Startup.s...
compiling main.c...
compiling uart.c...
compiling timer_interrupts.c...
compiling string.c...
compiling servo.c...
compiling led.c...
compiling keyboard.c...
compiling command_decoder.c...
linking...
Program Size: Code=5900 RO-data=104 RW-data=52 ZI-data=1324  
FromELF: creating hex file...
".\trasmit.axf" - 0 Errors, 0 Warning(s).
Rebuild target 'Target 1'
assembling Startup.s...
compiling main.c...
compiling uart.c...
compiling timer_interrupts.c...
compiling string.c...
compiling servo.c...
compiling led.c...
compiling keyboard.c...
compiling command_decoder.c...
linking...
Program Size: Code=5900 RO-data=104 RW-data=64 ZI-data=1328  
FromELF: creating hex file...
".\trasmit.axf" - 0 Errors, 0 Warning(s).
Rebuild target 'Target 1'
assembling Startup.s...
compiling main.c...
compiling uart.c...
compiling timer_interrupts.c...
compiling string.c...
compiling servo.c...
compiling led.c...
compiling keyboard.c...
compiling command_decoder.c...
linking...
Program Size: Code=6036 RO-data=104 RW-data=64 ZI-data=1328  
FromELF: creating hex file...
".\trasmit.axf" - 0 Errors, 0 Warning(s).
Rebuild target 'Target 1'
assembling Startup.s...
compiling main.c...
compiling uart.c...
compiling timer_interrupts.c...
compiling string.c...
compiling servo.c...
compiling led.c...
compiling keyboard.c...
compiling command_decoder.c...
linking...
Program Size: Code=6036 RO-data=104 RW-data=64 ZI-data=1328  
FromELF: creating hex file...
".\trasmit.axf" - 0 Errors, 0 Warning(s).
Rebuild target 'Target 1'
assembling Startup.s...
compiling main.c...
compiling uart.c...
compiling timer_interrupts.c...
compiling string.c...
compiling servo.c...
compiling led.c...
compiling keyboard.c...
compiling command_decoder.c...
linking...
Program Size: Code=6036 RO-data=104 RW-data=64 ZI-data=1328  
FromELF: creating hex file...
".\trasmit.axf" - 0 Errors, 0 Warning(s).
Rebuild target 'Target 1'
assembling Startup.s...
compiling main.c...
compiling uart.c...
compiling timer_interrupts.c...
compiling string.c...
compiling servo.c...
compiling led.c...
compiling keyboard.c...
compiling command_decoder.c...
linking...
Program Size: Code=5972 RO-data=104 RW-data=64 ZI-data=1328  
FromELF: creating hex file...
".\trasmit.axf" - 0 Errors, 0 Warning(s).
Rebuild target 'Target 1'
assembling Startup.s...
compiling main.c...
compiling uart.c...
compiling timer_interrupts.c...
compiling string.c...
compiling servo.c...
compiling led.c...
compiling keyboard.c...
compiling command_decoder.c...
linking...
Program Size: Code=5976 RO-data=104 RW-data=64 ZI-data=1328  
FromELF: creating hex file...
".\trasmit.axf" - 0 Errors, 0 Warning(s).
