<html>
<body>
<pre>
<h1>µVision Build Log</h1>
<h2>Project:</h2>
D:\programowanie\studia_KEIL\LabPpsw\Current\automat.uvproj
Project File Date:  04/16/2025

<h2>Output:</h2>
Rebuild target 'Target 1'
assembling Startup.s...
compiling keyboard.c...
compiling led.c...
linking...
.\automat.axf: Error: L6218E: Undefined symbol main (referred from rtentry2.o).
".\automat.axf" - 1 Errors, 0 Warning(s).
Target not created
Rebuild target 'Target 1'
assembling Startup.s...
compiling keyboard.c...
compiling led.c...
linking...
.\automat.axf: Error: L6218E: Undefined symbol main (referred from rtentry2.o).
".\automat.axf" - 1 Errors, 0 Warning(s).
Target not created
Rebuild target 'Target 1'
assembling Startup.s...
compiling keyboard.c...
compiling led.c...
compiling main.c...
main.c(57): warning:  #1-D: last line of file ends without a newline
linking...
Program Size: Code=1332 RO-data=32 RW-data=4 ZI-data=1260  
FromELF: creating hex file...
".\automat.axf" - 0 Errors, 1 Warning(s).
Rebuild target 'Target 1'
assembling Startup.s...
compiling keyboard.c...
compiling led.c...
compiling main.c...
linking...
Program Size: Code=1332 RO-data=32 RW-data=4 ZI-data=1260  
FromELF: creating hex file...
".\automat.axf" - 0 Errors, 0 Warning(s).
Clean started: Project: 'automat'
   deleting intermediate output files for target 'Target 1'
