<html>
<body>
<pre>
<h1>µVision Build Log</h1>
<h2>Project:</h2>
D:\programowanie\studia_KEIL\LabPpsw\Current\transmit.uvproj
Project File Date:  05/16/2025

<h2>Output:</h2>
Rebuild target 'Target 1'
assembling Startup.s...
compiling command_decoder.c...
compiling main.c...
compiling string.c...
compiling uart.c...
compiling timer_interrupts.c...
compiling servo.c...
compiling led.c...
compiling keyboard.c...
linking...
Program Size: Code=1828 RO-data=32 RW-data=4 ZI-data=1292  
".\transmit.axf" - 0 Errors, 0 Warning(s).
Rebuild target 'Target 1'
assembling Startup.s...
compiling command_decoder.c...
compiling main.c...
compiling string.c...
compiling uart.c...
compiling timer_interrupts.c...
compiling servo.c...
compiling led.c...
compiling keyboard.c...
linking...
Program Size: Code=1848 RO-data=32 RW-data=4 ZI-data=1292  
".\transmit.axf" - 0 Errors, 0 Warning(s).
Rebuild target 'Target 1'
assembling Startup.s...
compiling command_decoder.c...
compiling main.c...
compiling string.c...
compiling uart.c...
compiling timer_interrupts.c...
compiling servo.c...
compiling led.c...
compiling keyboard.c...
linking...
Program Size: Code=2120 RO-data=32 RW-data=4 ZI-data=1292  
FromELF: creating hex file...
".\transmit.axf" - 0 Errors, 0 Warning(s).
Rebuild target 'Target 1'
assembling Startup.s...
compiling command_decoder.c...
compiling main.c...
compiling string.c...
compiling uart.c...
compiling timer_interrupts.c...
compiling servo.c...
compiling led.c...
compiling keyboard.c...
linking...
Program Size: Code=2124 RO-data=32 RW-data=4 ZI-data=1292  
FromELF: creating hex file...
".\transmit.axf" - 0 Errors, 0 Warning(s).
Rebuild target 'Target 1'
assembling Startup.s...
compiling command_decoder.c...
compiling main.c...
compiling string.c...
compiling uart.c...
compiling timer_interrupts.c...
compiling servo.c...
compiling led.c...
compiling keyboard.c...
linking...
.\transmit.axf: Error: L6200E: Symbol sTransmiterBuffer multiply defined (by uart.o and main.o).
".\transmit.axf" - 1 Errors, 0 Warning(s).
Target not created
Rebuild target 'Target 1'
assembling Startup.s...
compiling command_decoder.c...
compiling main.c...
main.c(94): error:  #70: incomplete type is not allowed
compiling string.c...
compiling uart.c...
compiling timer_interrupts.c...
compiling servo.c...
compiling led.c...
compiling keyboard.c...
".\transmit.axf" - 1 Errors, 0 Warning(s).
Target not created
Rebuild target 'Target 1'
assembling Startup.s...
compiling command_decoder.c...
compiling main.c...
main.c(92): error:  #134: expected a field name
compiling string.c...
compiling uart.c...
uart.c(44): error:  #101: "TransmiterBuffer" has already been declared in the current scope
uart.c(49): error:  #147: declaration is incompatible with "struct TransmiterBuffer sTransmiterBuffer" (declared at line 31 of "uart.h")
compiling timer_interrupts.c...
compiling servo.c...
compiling led.c...
compiling keyboard.c...
".\transmit.axf" - 3 Errors, 0 Warning(s).
Target not created
Rebuild target 'Target 1'
assembling Startup.s...
compiling command_decoder.c...
compiling main.c...
main.c(92): error:  #134: expected a field name
compiling string.c...
compiling uart.c...
compiling timer_interrupts.c...
compiling servo.c...
compiling led.c...
compiling keyboard.c...
".\transmit.axf" - 1 Errors, 0 Warning(s).
Target not created
Rebuild target 'Target 1'
assembling Startup.s...
compiling command_decoder.c...
compiling main.c...
compiling string.c...
compiling uart.c...
compiling timer_interrupts.c...
compiling servo.c...
compiling led.c...
compiling keyboard.c...
linking...
.\transmit.axf: Error: L6200E: Symbol sTransmiterBuffer multiply defined (by uart.o and main.o).
".\transmit.axf" - 1 Errors, 0 Warning(s).
Target not created
Rebuild target 'Target 1'
assembling Startup.s...
compiling command_decoder.c...
compiling main.c...
compiling string.c...
compiling uart.c...
compiling timer_interrupts.c...
compiling servo.c...
compiling led.c...
compiling keyboard.c...
linking...
.\transmit.axf: Error: L6218E: Undefined symbol sTransmiterBuffer (referred from main.o).
".\transmit.axf" - 1 Errors, 0 Warning(s).
Target not created
Rebuild target 'Target 1'
assembling Startup.s...
compiling command_decoder.c...
compiling main.c...
main.c(92): error:  #70: incomplete type is not allowed
compiling string.c...
compiling uart.c...
compiling timer_interrupts.c...
compiling servo.c...
compiling led.c...
compiling keyboard.c...
".\transmit.axf" - 1 Errors, 0 Warning(s).
Target not created
Rebuild target 'Target 1'
assembling Startup.s...
compiling command_decoder.c...
compiling main.c...
main.c(92): error:  #134: expected a field name
compiling string.c...
compiling uart.c...
compiling timer_interrupts.c...
compiling servo.c...
compiling led.c...
compiling keyboard.c...
".\transmit.axf" - 1 Errors, 0 Warning(s).
Target not created
Rebuild target 'Target 1'
assembling Startup.s...
compiling command_decoder.c...
compiling main.c...
compiling string.c...
compiling uart.c...
compiling timer_interrupts.c...
compiling servo.c...
compiling led.c...
compiling keyboard.c...
linking...
Program Size: Code=2144 RO-data=32 RW-data=4 ZI-data=1292  
FromELF: creating hex file...
".\transmit.axf" - 0 Errors, 0 Warning(s).
Rebuild target 'Target 1'
assembling Startup.s...
compiling command_decoder.c...
compiling main.c...
compiling string.c...
compiling uart.c...
uart.c(142): warning:  #940-D: missing return statement at end of non-void function "Transmiter_GetCharacterFromBuffer"
compiling timer_interrupts.c...
compiling servo.c...
compiling led.c...
compiling keyboard.c...
linking...
Program Size: Code=2184 RO-data=32 RW-data=4 ZI-data=1292  
FromELF: creating hex file...
".\transmit.axf" - 0 Errors, 1 Warning(s).
Rebuild target 'Target 1'
assembling Startup.s...
compiling command_decoder.c...
compiling main.c...
compiling string.c...
compiling uart.c...
compiling timer_interrupts.c...
compiling servo.c...
compiling led.c...
compiling keyboard.c...
linking...
Program Size: Code=2184 RO-data=32 RW-data=4 ZI-data=1292  
FromELF: creating hex file...
".\transmit.axf" - 0 Errors, 0 Warning(s).
Rebuild target 'Target 1'
assembling Startup.s...
compiling command_decoder.c...
compiling main.c...
compiling string.c...
compiling uart.c...
compiling timer_interrupts.c...
compiling servo.c...
compiling led.c...
compiling keyboard.c...
linking...
Program Size: Code=2184 RO-data=32 RW-data=4 ZI-data=1292  
FromELF: creating hex file...
".\transmit.axf" - 0 Errors, 0 Warning(s).
Rebuild target 'Target 1'
assembling Startup.s...
compiling command_decoder.c...
compiling main.c...
compiling string.c...
compiling uart.c...
compiling timer_interrupts.c...
compiling servo.c...
compiling led.c...
compiling keyboard.c...
linking...
Program Size: Code=2196 RO-data=32 RW-data=4 ZI-data=1292  
FromELF: creating hex file...
".\transmit.axf" - 0 Errors, 0 Warning(s).
Rebuild target 'Target 1'
assembling Startup.s...
compiling command_decoder.c...
compiling main.c...
compiling string.c...
compiling uart.c...
compiling timer_interrupts.c...
compiling servo.c...
compiling led.c...
compiling keyboard.c...
linking...
Program Size: Code=2176 RO-data=32 RW-data=4 ZI-data=1292  
FromELF: creating hex file...
".\transmit.axf" - 0 Errors, 0 Warning(s).
Rebuild target 'Target 1'
assembling Startup.s...
compiling command_decoder.c...
compiling main.c...
compiling string.c...
compiling uart.c...
compiling timer_interrupts.c...
compiling servo.c...
compiling led.c...
compiling keyboard.c...
linking...
Program Size: Code=2168 RO-data=32 RW-data=4 ZI-data=1292  
FromELF: creating hex file...
".\transmit.axf" - 0 Errors, 0 Warning(s).
Rebuild target 'Target 1'
assembling Startup.s...
compiling command_decoder.c...
compiling main.c...
compiling string.c...
compiling uart.c...
compiling timer_interrupts.c...
compiling servo.c...
compiling led.c...
compiling keyboard.c...
linking...
Program Size: Code=2184 RO-data=32 RW-data=4 ZI-data=1292  
FromELF: creating hex file...
".\transmit.axf" - 0 Errors, 0 Warning(s).
Rebuild target 'Target 1'
assembling Startup.s...
compiling command_decoder.c...
compiling main.c...
compiling string.c...
compiling uart.c...
compiling timer_interrupts.c...
compiling servo.c...
compiling led.c...
compiling keyboard.c...
linking...
Program Size: Code=2168 RO-data=32 RW-data=4 ZI-data=1292  
FromELF: creating hex file...
".\transmit.axf" - 0 Errors, 0 Warning(s).
Rebuild target 'Target 1'
assembling Startup.s...
compiling command_decoder.c...
compiling main.c...
compiling string.c...
compiling uart.c...
compiling timer_interrupts.c...
compiling servo.c...
compiling led.c...
compiling keyboard.c...
linking...
Program Size: Code=2184 RO-data=32 RW-data=4 ZI-data=1292  
FromELF: creating hex file...
".\transmit.axf" - 0 Errors, 0 Warning(s).
Rebuild target 'Target 1'
assembling Startup.s...
compiling command_decoder.c...
compiling main.c...
compiling string.c...
compiling uart.c...
compiling timer_interrupts.c...
compiling servo.c...
compiling led.c...
compiling keyboard.c...
linking...
Program Size: Code=2160 RO-data=32 RW-data=4 ZI-data=1292  
FromELF: creating hex file...
".\transmit.axf" - 0 Errors, 0 Warning(s).
Rebuild target 'Target 1'
assembling Startup.s...
compiling command_decoder.c...
compiling main.c...
compiling string.c...
compiling uart.c...
compiling timer_interrupts.c...
compiling servo.c...
compiling led.c...
compiling keyboard.c...
linking...
Program Size: Code=2160 RO-data=32 RW-data=4 ZI-data=1292  
FromELF: creating hex file...
".\transmit.axf" - 0 Errors, 0 Warning(s).
Rebuild target 'Target 1'
assembling Startup.s...
compiling command_decoder.c...
compiling main.c...
compiling string.c...
compiling uart.c...
uart.c(53): error:  #65: expected a ";"
uart.c(74): warning:  #12-D: parsing restarts here after previous syntax error
uart.c(75): error:  #169: expected a declaration
uart.c(81): warning:  #12-D: parsing restarts here after previous syntax error
uart.c(82): error:  #169: expected a declaration
uart.c(146): warning:  #12-D: parsing restarts here after previous syntax error
uart.c(147): error:  #169: expected a declaration
uart.c(183): warning: At end of source:  #12-D: parsing restarts here after previous syntax error
compiling timer_interrupts.c...
compiling servo.c...
compiling led.c...
compiling keyboard.c...
".\transmit.axf" - 4 Errors, 4 Warning(s).
Target not created
Rebuild target 'Target 1'
assembling Startup.s...
compiling command_decoder.c...
compiling main.c...
compiling string.c...
compiling uart.c...
compiling timer_interrupts.c...
compiling servo.c...
compiling led.c...
compiling keyboard.c...
linking...
Program Size: Code=2160 RO-data=32 RW-data=4 ZI-data=1292  
FromELF: creating hex file...
".\transmit.axf" - 0 Errors, 0 Warning(s).
Rebuild target 'Target 1'
assembling Startup.s...
compiling command_decoder.c...
compiling main.c...
compiling string.c...
compiling uart.c...
compiling timer_interrupts.c...
compiling servo.c...
compiling led.c...
compiling keyboard.c...
linking...
Program Size: Code=2160 RO-data=32 RW-data=4 ZI-data=1308  
FromELF: creating hex file...
".\transmit.axf" - 0 Errors, 0 Warning(s).
Rebuild target 'Target 1'
assembling Startup.s...
compiling command_decoder.c...
compiling main.c...
compiling string.c...
compiling uart.c...
compiling timer_interrupts.c...
compiling servo.c...
compiling led.c...
compiling keyboard.c...
linking...
Program Size: Code=2160 RO-data=32 RW-data=4 ZI-data=1292  
FromELF: creating hex file...
".\transmit.axf" - 0 Errors, 0 Warning(s).
Rebuild target 'Target 1'
assembling Startup.s...
compiling command_decoder.c...
compiling main.c...
compiling string.c...
compiling uart.c...
compiling timer_interrupts.c...
compiling servo.c...
compiling led.c...
compiling keyboard.c...
linking...
Program Size: Code=2160 RO-data=32 RW-data=4 ZI-data=1292  
FromELF: creating hex file...
".\transmit.axf" - 0 Errors, 0 Warning(s).
Rebuild target 'Target 1'
assembling Startup.s...
compiling command_decoder.c...
compiling main.c...
compiling string.c...
compiling uart.c...
compiling timer_interrupts.c...
compiling servo.c...
compiling led.c...
compiling keyboard.c...
linking...
Program Size: Code=2160 RO-data=32 RW-data=4 ZI-data=1292  
FromELF: creating hex file...
".\transmit.axf" - 0 Errors, 0 Warning(s).
Rebuild target 'Target 1'
assembling Startup.s...
compiling command_decoder.c...
compiling main.c...
main.c(15): error:  #101: "cString" has already been declared in the current scope
main.c(80): warning:  #167-D: argument of type "char *" is incompatible with parameter of type "unsigned char *"
main.c(14): warning:  #177-D: variable "cString" was declared but never referenced
compiling string.c...
compiling uart.c...
compiling timer_interrupts.c...
compiling servo.c...
compiling led.c...
compiling keyboard.c...
".\transmit.axf" - 1 Errors, 2 Warning(s).
Target not created
Rebuild target 'Target 1'
assembling Startup.s...
compiling command_decoder.c...
compiling main.c...
compiling string.c...
compiling uart.c...
compiling timer_interrupts.c...
compiling servo.c...
compiling led.c...
compiling keyboard.c...
linking...
Program Size: Code=5784 RO-data=44 RW-data=36 ZI-data=1316  
FromELF: creating hex file...
".\transmit.axf" - 0 Errors, 0 Warning(s).
Rebuild target 'Target 1'
assembling Startup.s...
compiling command_decoder.c...
compiling main.c...
compiling string.c...
compiling uart.c...
compiling timer_interrupts.c...
compiling servo.c...
compiling led.c...
compiling keyboard.c...
linking...
Program Size: Code=5804 RO-data=48 RW-data=36 ZI-data=1324  
FromELF: creating hex file...
".\transmit.axf" - 0 Errors, 0 Warning(s).
Rebuild target 'Target 1'
assembling Startup.s...
compiling command_decoder.c...
compiling main.c...
compiling string.c...
compiling uart.c...
compiling timer_interrupts.c...
compiling servo.c...
compiling led.c...
compiling keyboard.c...
linking...
Program Size: Code=5804 RO-data=48 RW-data=36 ZI-data=1324  
FromELF: creating hex file...
".\transmit.axf" - 0 Errors, 0 Warning(s).
Rebuild target 'Target 1'
assembling Startup.s...
compiling command_decoder.c...
compiling main.c...
compiling string.c...
compiling uart.c...
compiling timer_interrupts.c...
compiling servo.c...
compiling led.c...
compiling keyboard.c...
linking...
Program Size: Code=5812 RO-data=48 RW-data=36 ZI-data=1324  
FromELF: creating hex file...
".\transmit.axf" - 0 Errors, 0 Warning(s).
Rebuild target 'Target 1'
assembling Startup.s...
compiling command_decoder.c...
compiling main.c...
compiling string.c...
compiling uart.c...
compiling timer_interrupts.c...
compiling servo.c...
compiling led.c...
compiling keyboard.c...
linking...
Program Size: Code=5812 RO-data=48 RW-data=36 ZI-data=1324  
FromELF: creating hex file...
".\transmit.axf" - 0 Errors, 0 Warning(s).
Rebuild target 'Target 1'
assembling Startup.s...
compiling command_decoder.c...
compiling main.c...
compiling string.c...
compiling uart.c...
compiling timer_interrupts.c...
compiling servo.c...
compiling led.c...
compiling keyboard.c...
linking...
Program Size: Code=5812 RO-data=48 RW-data=36 ZI-data=1324  
FromELF: creating hex file...
".\transmit.axf" - 0 Errors, 0 Warning(s).
Clean started: Project: 'transmit'
   deleting intermediate output files for target 'Target 1'
