<html>
<body>
<pre>
<h1>µVision Build Log</h1>
<h2>Project:</h2>
D:\programowanie\studia_KEIL\LabPpsw\Current\timer.uvproj
Project File Date:  04/16/2025

<h2>Output:</h2>
Rebuild target 'Target 1'
assembling Startup.s...
compiling main.c...
main.c(40): warning:  #1-D: last line of file ends without a newline
main.c(32): warning:  #177-D: variable "eLedState" was declared but never referenced
compiling keyboard.c...
compiling led.c...
linking...
Program Size: Code=984 RO-data=32 RW-data=4 ZI-data=1260  
".\timer.axf" - 0 Errors, 2 Warning(s).
Rebuild target 'Target 1'
assembling Startup.s...
compiling main.c...
main.c(30): error:  #70: incomplete type is not allowed
main.c(30): error:  #20: identifier "STOP" is undefined
main.c(38): warning:  #1-D: last line of file ends without a newline
compiling keyboard.c...
compiling led.c...
".\timer.axf" - 2 Errors, 1 Warning(s).
Target not created
Rebuild target 'Target 1'
assembling Startup.s...
compiling main.c...
compiling keyboard.c...
compiling led.c...
linking...
Program Size: Code=984 RO-data=32 RW-data=4 ZI-data=1260  
".\timer.axf" - 0 Errors, 0 Warning(s).
Rebuild target 'Target 1'
assembling Startup.s...
compiling main.c...
main.c(17): error:  #268: declaration may not appear after executable statement in block
compiling keyboard.c...
compiling led.c...
".\timer.axf" - 1 Errors, 0 Warning(s).
Target not created
Rebuild target 'Target 1'
assembling Startup.s...
compiling main.c...
compiling keyboard.c...
compiling led.c...
linking...
Program Size: Code=1012 RO-data=32 RW-data=4 ZI-data=1260  
".\timer.axf" - 0 Errors, 0 Warning(s).
Rebuild target 'Target 1'
assembling Startup.s...
compiling main.c...
compiling keyboard.c...
compiling led.c...
linking...
Program Size: Code=1012 RO-data=32 RW-data=4 ZI-data=1260  
".\timer.axf" - 0 Errors, 0 Warning(s).
Rebuild target 'Target 1'
assembling Startup.s...
compiling main.c...
compiling keyboard.c...
compiling led.c...
linking...
Program Size: Code=1044 RO-data=32 RW-data=4 ZI-data=1260  
".\timer.axf" - 0 Errors, 0 Warning(s).
Rebuild target 'Target 1'
assembling Startup.s...
compiling main.c...
compiling keyboard.c...
compiling led.c...
linking...
Program Size: Code=1048 RO-data=32 RW-data=4 ZI-data=1260  
".\timer.axf" - 0 Errors, 0 Warning(s).
Rebuild target 'Target 1'
assembling Startup.s...
compiling main.c...
compiling keyboard.c...
compiling led.c...
linking...
Program Size: Code=1320 RO-data=32 RW-data=4 ZI-data=1260  
FromELF: creating hex file...
".\timer.axf" - 0 Errors, 0 Warning(s).
Rebuild target 'Target 1'
assembling Startup.s...
compiling main.c...
compiling keyboard.c...
compiling led.c...
linking...
Program Size: Code=1320 RO-data=32 RW-data=4 ZI-data=1260  
FromELF: creating hex file...
".\timer.axf" - 0 Errors, 0 Warning(s).
Rebuild target 'Target 1'
assembling Startup.s...
compiling main.c...
compiling keyboard.c...
compiling led.c...
linking...
Program Size: Code=1320 RO-data=32 RW-data=4 ZI-data=1260  
FromELF: creating hex file...
".\timer.axf" - 0 Errors, 0 Warning(s).
Rebuild target 'Target 1'
assembling Startup.s...
compiling main.c...
compiling keyboard.c...
compiling led.c...
compiling timer.c...
timer.c(19): warning:  #1-D: last line of file ends without a newline
linking...
Program Size: Code=1284 RO-data=32 RW-data=4 ZI-data=1260  
FromELF: creating hex file...
".\timer.axf" - 0 Errors, 1 Warning(s).
Rebuild target 'Target 1'
assembling Startup.s...
compiling main.c...
compiling keyboard.c...
compiling led.c...
compiling timer.c...
linking...
Program Size: Code=1284 RO-data=32 RW-data=4 ZI-data=1260  
FromELF: creating hex file...
".\timer.axf" - 0 Errors, 0 Warning(s).
Rebuild target 'Target 1'
assembling Startup.s...
compiling main.c...
compiling keyboard.c...
compiling led.c...
compiling timer.c...
linking...
Program Size: Code=1284 RO-data=32 RW-data=4 ZI-data=1260  
FromELF: creating hex file...
".\timer.axf" - 0 Errors, 0 Warning(s).
Clean started: Project: 'timer'
   deleting intermediate output files for target 'Target 1'
