<html>
<body>
<pre>
<h1>µVision Build Log</h1>
<h2>Project:</h2>
C:\Users\student\LabPpsw\Bufor2\Bufor.uvproj
Project File Date:  05/21/2025

<h2>Output:</h2>
Rebuild target 'Target 1'
assembling Startup.s...
compiling main.c...
compiling uart.c...
compiling keyboard.c...
compiling led.c...
compiling servo.c...
compiling timer.c...
compiling timer_interrupts.c...
compiling command_decoder.c...
compiling string.c...
linking...
Program Size: Code=5324 RO-data=32 RW-data=36 ZI-data=1308  
FromELF: creating hex file...
".\Bufor.axf" - 0 Errors, 0 Warning(s).
Rebuild target 'Target 1'
assembling Startup.s...
compiling main.c...
compiling uart.c...
compiling keyboard.c...
compiling led.c...
compiling servo.c...
compiling timer.c...
compiling timer_interrupts.c...
compiling command_decoder.c...
compiling string.c...
linking...
Program Size: Code=5348 RO-data=32 RW-data=36 ZI-data=1308  
FromELF: creating hex file...
".\Bufor.axf" - 0 Errors, 0 Warning(s).
