<html>
<body>
<pre>
<h1>µVision Build Log</h1>
<h2>Project:</h2>
C:\Users\student\LabPpsw\timer_od\timer.uvproj
Project File Date:  04/23/2025

<h2>Output:</h2>
Rebuild target 'Target 1'
assembling Startup.s...
compiling main.c...
compiling timer.c...
compiling keyboard.c...
compiling led.c...
linking...
Program Size: Code=1408 RO-data=32 RW-data=4 ZI-data=1260  
FromELF: creating hex file...
".\timer.axf" - 0 Errors, 0 Warning(s).
Rebuild target 'Target 1'
assembling Startup.s...
compiling main.c...
compiling timer.c...
compiling keyboard.c...
compiling led.c...
linking...
Program Size: Code=1400 RO-data=32 RW-data=4 ZI-data=1260  
FromELF: creating hex file...
".\timer.axf" - 0 Errors, 0 Warning(s).
