<html>
<body>
<pre>
<h1>µVision Build Log</h1>
<h2>Project:</h2>
C:\Users\student\LabPpsw\Interrupts_end\interupt.uvproj
Project File Date:  05/07/2025

<h2>Output:</h2>
Rebuild target 'Target 1'
assembling Startup.s...
compiling main.c...
main.c(56): warning:  #223-D: function "Timer0Interrupts_Init" declared implicitly
compiling keyboard.c...
compiling led.c...
compiling timer.c...
compiling timer_interrupts.c...
linking...
Program Size: Code=1584 RO-data=32 RW-data=8 ZI-data=1256  
FromELF: creating hex file...
".\interupt.axf" - 0 Errors, 1 Warning(s).
Rebuild target 'Target 1'
assembling Startup.s...
compiling main.c...
compiling keyboard.c...
compiling led.c...
compiling timer.c...
compiling timer_interrupts.c...
timer_interrupts.c(2): error:  #5: cannot open source input file "led.h": No such file or directory
".\interupt.axf" - 1 Errors, 0 Warning(s).
Target not created
Rebuild target 'Target 1'
assembling Startup.s...
compiling main.c...
compiling keyboard.c...
compiling led.c...
compiling timer.c...
compiling timer_interrupts.c...
timer_interrupts.c(2): error:  #5: cannot open source input file "led.h": No such file or directory
".\interupt.axf" - 1 Errors, 0 Warning(s).
Target not created
Rebuild target 'Target 1'
assembling Startup.s...
compiling main.c...
compiling keyboard.c...
compiling led.c...
compiling timer.c...
compiling timer_interrupts.c...
timer_interrupts.c(2): error:  #5: cannot open source input file "led.h": No such file or directory
".\interupt.axf" - 1 Errors, 0 Warning(s).
Target not created
Rebuild target 'Target 1'
assembling Startup.s...
compiling main.c...
compiling keyboard.c...
compiling timer.c...
compiling timer_interrupts.c...
compiling led.c...
linking...
Program Size: Code=1584 RO-data=32 RW-data=12 ZI-data=1260  
FromELF: creating hex file...
".\interupt.axf" - 0 Errors, 0 Warning(s).
Rebuild target 'Target 1'
assembling Startup.s...
compiling main.c...
compiling keyboard.c...
compiling timer.c...
compiling timer_interrupts.c...
compiling led.c...
linking...
Program Size: Code=1584 RO-data=32 RW-data=12 ZI-data=1260  
FromELF: creating hex file...
".\interupt.axf" - 0 Errors, 0 Warning(s).
Rebuild target 'Target 1'
assembling Startup.s...
compiling main.c...
compiling keyboard.c...
compiling timer.c...
compiling timer_interrupts.c...
compiling led.c...
linking...
Program Size: Code=1600 RO-data=32 RW-data=12 ZI-data=1260  
FromELF: creating hex file...
".\interupt.axf" - 0 Errors, 0 Warning(s).
Rebuild target 'Target 1'
assembling Startup.s...
compiling main.c...
compiling keyboard.c...
compiling timer.c...
compiling timer_interrupts.c...
compiling led.c...
linking...
Program Size: Code=1600 RO-data=32 RW-data=12 ZI-data=1260  
FromELF: creating hex file...
".\interupt.axf" - 0 Errors, 0 Warning(s).
