<html>
<body>
<pre>
<h1>µVision Build Log</h1>
<h2>Project:</h2>
C:\Users\student\LabPpsw\Archive\Module\moduly.uvproj
Project File Date:  04/09/2025

<h2>Output:</h2>
Rebuild target 'Target 1'
assembling Startup.s...
compiling main.c...
main.c(37): warning:  #1-D: last line of file ends without a newline
compiling led.c...
compiling keyboard.c...
keyboard.c(14): error:  #101: "KeyboardState" has already been declared in the current scope
keyboard.c(14): error:  #101: "RELASED" has already been declared in the current scope
keyboard.c(14): error:  #101: "BUTTON_0" has already been declared in the current scope
keyboard.c(14): error:  #101: "BUTTON_1" has already been declared in the current scope
keyboard.c(14): error:  #101: "BUTTON_2" has already been declared in the current scope
keyboard.c(14): error:  #101: "BUTTON_3" has already been declared in the current scope
keyboard.c(16): error:  #147-D: declaration is incompatible with "enum KeyboardState eKeyboardRead(void)" (declared at line 8 of "keyboard.h")
".\moduly.axf" - 7 Errors, 1 Warning(s).
Target not created
Rebuild target 'Target 1'
assembling Startup.s...
compiling main.c...
main.c(37): warning:  #1-D: last line of file ends without a newline
compiling led.c...
compiling keyboard.c...
linking...
Program Size: Code=1292 RO-data=32 RW-data=4 ZI-data=1260  
FromELF: creating hex file...
".\moduly.axf" - 0 Errors, 1 Warning(s).
Rebuild target 'Target 1'
assembling Startup.s...
compiling main.c...
compiling led.c...
compiling keyboard.c...
linking...
Program Size: Code=1292 RO-data=32 RW-data=4 ZI-data=1260  
FromELF: creating hex file...
".\moduly.axf" - 0 Errors, 0 Warning(s).
Rebuild target 'Target 1'
assembling Startup.s...
compiling main.c...
compiling led.c...
compiling keyboard.c...
linking...
Program Size: Code=1292 RO-data=32 RW-data=4 ZI-data=1260  
FromELF: creating hex file...
".\moduly.axf" - 0 Errors, 0 Warning(s).
Clean started: Project: 'moduly'
   deleting intermediate output files for target 'Target 1'
