<html>
<body>
<pre>
<h1>µVision Build Log</h1>
<h2>Project:</h2>
D:\programowanie\studia_KEIL\LabPpsw\Archive\GPIO_END\GPIO_2.uvproj
Project File Date:  03/12/2025

<h2>Output:</h2>
Rebuild target 'Target 1'
assembling Startup.s...
compiling main.c...
main.c(111): error:  #268: declaration may not appear after executable statement in block
main.c(111): warning:  #177-D: variable "ucStepCounter" was declared but never referenced
".\GPIO_2.axf" - 1 Errors, 1 Warning(s).
Target not created
Rebuild target 'Target 1'
assembling Startup.s...
compiling main.c...
main.c(111): error:  #268: declaration may not appear after executable statement in block
".\GPIO_2.axf" - 1 Errors, 0 Warning(s).
Target not created
Rebuild target 'Target 1'
assembling Startup.s...
compiling main.c...
main.c(111): error:  #268: declaration may not appear after executable statement in block
".\GPIO_2.axf" - 1 Errors, 0 Warning(s).
Target not created
Rebuild target 'Target 1'
assembling Startup.s...
compiling main.c...
linking...
Program Size: Code=1300 RO-data=32 RW-data=4 ZI-data=1260  
FromELF: creating hex file...
".\GPIO_2.axf" - 0 Errors, 0 Warning(s).
Clean started: Project: 'GPIO_2'
   deleting intermediate output files for target 'Target 1'
