<html>
<body>
<pre>
<h1>µVision Build Log</h1>
<h2>Project:</h2>
C:\Users\student\LabPpsw\Archive\GPIO_END\GPIO_2.uvproj
Project File Date:  04/09/2025

<h2>Output:</h2>
Rebuild target 'Target 1'
assembling Startup.s...
compiling main.c...
linking...
Program Size: Code=1300 RO-data=32 RW-data=4 ZI-data=1260  
FromELF: creating hex file...
".\GPIO_2.axf" - 0 Errors, 0 Warning(s).
Rebuild target 'Target 1'
assembling Startup.s...
compiling main.c...
linking...
Program Size: Code=1288 RO-data=32 RW-data=4 ZI-data=1260  
FromELF: creating hex file...
".\GPIO_2.axf" - 0 Errors, 0 Warning(s).
Rebuild target 'Target 1'
assembling Startup.s...
compiling main.c...
linking...
Program Size: Code=1248 RO-data=32 RW-data=4 ZI-data=1260  
FromELF: creating hex file...
".\GPIO_2.axf" - 0 Errors, 0 Warning(s).
Rebuild target 'Target 1'
assembling Startup.s...
compiling main.c...
linking...
Program Size: Code=1260 RO-data=32 RW-data=4 ZI-data=1260  
FromELF: creating hex file...
".\GPIO_2.axf" - 0 Errors, 0 Warning(s).
Rebuild target 'Target 1'
assembling Startup.s...
compiling main.c...
main.c(89): error:  #268: declaration may not appear after executable statement in block
main.c(89): error:  #67: expected a "}"
".\GPIO_2.axf" - 2 Errors, 0 Warning(s).
Target not created
Rebuild target 'Target 1'
assembling Startup.s...
compiling main.c...
linking...
Program Size: Code=1256 RO-data=32 RW-data=4 ZI-data=1260  
FromELF: creating hex file...
".\GPIO_2.axf" - 0 Errors, 0 Warning(s).
Rebuild target 'Target 1'
assembling Startup.s...
compiling main.c...
linking...
Program Size: Code=1280 RO-data=32 RW-data=4 ZI-data=1260  
FromELF: creating hex file...
".\GPIO_2.axf" - 0 Errors, 0 Warning(s).
Rebuild target 'Target 1'
assembling Startup.s...
compiling main.c...
linking...
Program Size: Code=1264 RO-data=32 RW-data=4 ZI-data=1260  
FromELF: creating hex file...
".\GPIO_2.axf" - 0 Errors, 0 Warning(s).
Rebuild target 'Target 1'
assembling Startup.s...
compiling main.c...
linking...
Program Size: Code=1280 RO-data=32 RW-data=4 ZI-data=1260  
FromELF: creating hex file...
".\GPIO_2.axf" - 0 Errors, 0 Warning(s).
Rebuild target 'Target 1'
assembling Startup.s...
compiling main.c...
linking...
Program Size: Code=1288 RO-data=32 RW-data=4 ZI-data=1260  
FromELF: creating hex file...
".\GPIO_2.axf" - 0 Errors, 0 Warning(s).
Clean started: Project: 'GPIO_2'
   deleting intermediate output files for target 'Target 1'
