<html>
<body>
<pre>
<h1>µVision Build Log</h1>
<h2>Project:</h2>
D:\programowanie\studia_KEIL\LabPpsw\Current\Bufor.uvproj
Project File Date:  05/15/2025

<h2>Output:</h2>
Rebuild target 'Target 1'
assembling Startup.s...
compiling main.c...
compiling uart.c...
compiling dekodowanie_PO.c...
compiling keyboard.c...
compiling konwersje_PO.c...
..\Library\konwersje_PO.c(53): warning:  #223-D: function "strlen" declared implicitly
..\Library\konwersje_PO.c(85): warning:  #223-D: function "strlen" declared implicitly
compiling lancuchy_PO.c...
compiling led.c...
compiling servo.c...
compiling timer.c...
compiling timer_interrupts.c...
linking...
.\Bufor.axf: Error: L6200E: Symbol __ARM_use_no_argv multiply defined (by dekodowanie_po.o and main.o).
.\Bufor.axf: Error: L6200E: Symbol main multiply defined (by dekodowanie_po.o and main.o).
.\Bufor.axf: Error: L6200E: Symbol eCompareString multiply defined (by lancuchy_po.o and dekodowanie_po.o).
.\Bufor.axf: Error: L6200E: Symbol eHexStringToUInt multiply defined (by konwersje_po.o and dekodowanie_po.o).
.\Bufor.axf: Error: L6200E: Symbol ReplaceCharactersInString multiply defined (by lancuchy_po.o and dekodowanie_po.o).
".\Bufor.axf" - 5 Errors, 2 Warning(s).
Target not created
Rebuild target 'Target 1'
assembling Startup.s...
compiling main.c...
compiling uart.c...
compiling dekodowanie_PO.c...
..\Library\dekodowanie_PO.c(94): error:  #101: "CompResult" has already been declared in the current scope
..\Library\dekodowanie_PO.c(94): error:  #101: "DIFFERENT" has already been declared in the current scope
..\Library\dekodowanie_PO.c(94): error:  #101: "EQUAL" has already been declared in the current scope
..\Library\dekodowanie_PO.c(95): error:  #147-D: declaration is incompatible with "enum CompResult eCompareString(char *, char *)" (declared at line 7 of "..\Library\lancuchy_PO.h")
..\Library\dekodowanie_PO.c(111): error:  #101: "Result" has already been declared in the current scope
..\Library\dekodowanie_PO.c(111): error:  #101: "OK" has already been declared in the current scope
..\Library\dekodowanie_PO.c(111): error:  #101: "ERROR" has already been declared in the current scope
..\Library\dekodowanie_PO.c(127): error:  #147-D: declaration is incompatible with "enum Result eHexStringToUInt(char *, unsigned int *)" (declared at line 11 of "..\Library\konwersje_PO.h")
compiling keyboard.c...
compiling lancuchy_PO.c...
compiling led.c...
compiling servo.c...
compiling timer.c...
compiling timer_interrupts.c...
compiling konwersje_PO.c...
".\Bufor.axf" - 8 Errors, 0 Warning(s).
Target not created
Rebuild target 'Target 1'
assembling Startup.s...
compiling main.c...
compiling uart.c...
compiling dekodowanie_PO.c...
compiling keyboard.c...
compiling lancuchy_PO.c...
compiling led.c...
compiling servo.c...
compiling timer.c...
compiling timer_interrupts.c...
compiling konwersje_PO.c...
linking...
.\Bufor.axf: Error: L6200E: Symbol __ARM_use_no_argv multiply defined (by dekodowanie_po.o and main.o).
.\Bufor.axf: Error: L6200E: Symbol main multiply defined (by dekodowanie_po.o and main.o).
.\Bufor.axf: Error: L6200E: Symbol eCompareString multiply defined (by lancuchy_po.o and dekodowanie_po.o).
.\Bufor.axf: Error: L6200E: Symbol eHexStringToUInt multiply defined (by konwersje_po.o and dekodowanie_po.o).
.\Bufor.axf: Error: L6200E: Symbol ReplaceCharactersInString multiply defined (by lancuchy_po.o and dekodowanie_po.o).
".\Bufor.axf" - 5 Errors, 0 Warning(s).
Target not created
Rebuild target 'Target 1'
assembling Startup.s...
compiling main.c...
compiling uart.c...
compiling dekodowanie_PO.c...
compiling keyboard.c...
compiling lancuchy_PO.c...
compiling led.c...
compiling servo.c...
compiling timer.c...
compiling timer_interrupts.c...
compiling konwersje_PO.c...
linking...
.\Bufor.axf: Error: L6200E: Symbol ReplaceCharactersInString multiply defined (by lancuchy_po.o and dekodowanie_po.o).
".\Bufor.axf" - 1 Errors, 0 Warning(s).
Target not created
Rebuild target 'Target 1'
assembling Startup.s...
compiling main.c...
compiling uart.c...
compiling dekodowanie_PO.c...
compiling keyboard.c...
compiling lancuchy_PO.c...
compiling led.c...
compiling servo.c...
compiling timer.c...
compiling timer_interrupts.c...
compiling konwersje_PO.c...
linking...
Program Size: Code=4368 RO-data=32 RW-data=8 ZI-data=1280  
FromELF: creating hex file...
".\Bufor.axf" - 0 Errors, 0 Warning(s).
Rebuild target 'Target 1'
assembling Startup.s...
compiling main.c...
compiling uart.c...
compiling dekodowanie_PO.c...
compiling keyboard.c...
compiling lancuchy_PO.c...
compiling led.c...
compiling servo.c...
compiling timer.c...
compiling timer_interrupts.c...
compiling konwersje_PO.c...
linking...
Program Size: Code=4368 RO-data=32 RW-data=8 ZI-data=1280  
FromELF: creating hex file...
".\Bufor.axf" - 0 Errors, 0 Warning(s).
Rebuild target 'Target 1'
assembling Startup.s...
compiling main.c...
command_decoder.h(43): warning:  #1-D: last line of file ends without a newline
compiling uart.c...
compiling dekodowanie_PO.c...
compiling keyboard.c...
compiling lancuchy_PO.c...
compiling led.c...
compiling servo.c...
compiling timer.c...
compiling timer_interrupts.c...
compiling konwersje_PO.c...
compiling command_decoder.c...
command_decoder.h(43): warning:  #1-D: last line of file ends without a newline
command_decoder.c(17): error:  #146: too many initializer values
command_decoder.c(123): warning:  #1-D: last line of file ends without a newline
".\Bufor.axf" - 1 Errors, 3 Warning(s).
Target not created
Rebuild target 'Target 1'
assembling Startup.s...
compiling main.c...
compiling uart.c...
compiling dekodowanie_PO.c...
compiling keyboard.c...
compiling lancuchy_PO.c...
compiling led.c...
compiling servo.c...
compiling timer.c...
compiling timer_interrupts.c...
compiling konwersje_PO.c...
compiling command_decoder.c...
command_decoder.c(36): error:  #20: identifier "NULL" is undefined
command_decoder.c(48): error:  #20: identifier "NULL" is undefined
command_decoder.c(111): error:  #20: identifier "NULL" is undefined
".\Bufor.axf" - 3 Errors, 0 Warning(s).
Target not created
Rebuild target 'Target 1'
assembling Startup.s...
compiling main.c...
compiling uart.c...
compiling dekodowanie_PO.c...
compiling keyboard.c...
compiling lancuchy_PO.c...
compiling led.c...
compiling servo.c...
compiling timer.c...
compiling timer_interrupts.c...
compiling konwersje_PO.c...
compiling command_decoder.c...
linking...
.\Bufor.axf: Error: L6200E: Symbol DecodeMsg multiply defined (by command_decoder.o and dekodowanie_po.o).
.\Bufor.axf: Error: L6200E: Symbol asToken multiply defined (by command_decoder.o and dekodowanie_po.o).
.\Bufor.axf: Error: L6200E: Symbol asKeywordList multiply defined (by command_decoder.o and dekodowanie_po.o).
.\Bufor.axf: Error: L6200E: Symbol ucTokenNr multiply defined (by command_decoder.o and dekodowanie_po.o).
.\Bufor.axf: Error: L6200E: Symbol ucFindTokensInString multiply defined (by command_decoder.o and dekodowanie_po.o).
.\Bufor.axf: Error: L6200E: Symbol eStringToKeyword multiply defined (by command_decoder.o and dekodowanie_po.o).
.\Bufor.axf: Error: L6200E: Symbol DecodeTokens multiply defined (by command_decoder.o and dekodowanie_po.o).
".\Bufor.axf" - 7 Errors, 0 Warning(s).
Target not created
Rebuild target 'Target 1'
assembling Startup.s...
compiling main.c...
compiling uart.c...
compiling keyboard.c...
compiling lancuchy_PO.c...
compiling led.c...
compiling servo.c...
compiling timer.c...
compiling timer_interrupts.c...
compiling konwersje_PO.c...
compiling command_decoder.c...
linking...
Program Size: Code=5256 RO-data=32 RW-data=36 ZI-data=1300  
FromELF: creating hex file...
".\Bufor.axf" - 0 Errors, 0 Warning(s).
Rebuild target 'Target 1'
assembling Startup.s...
compiling main.c...
string.h(24): warning:  #1-D: last line of file ends without a newline
compiling uart.c...
compiling keyboard.c...
compiling led.c...
compiling servo.c...
compiling timer.c...
compiling timer_interrupts.c...
compiling command_decoder.c...
string.h(24): warning:  #1-D: last line of file ends without a newline
linking...
.\Bufor.axf: Error: L6218E: Undefined symbol eCompareString (referred from main.o).
.\Bufor.axf: Error: L6218E: Undefined symbol ReplaceCharactersInString (referred from command_decoder.o).
.\Bufor.axf: Error: L6218E: Undefined symbol eHexStringToUInt (referred from command_decoder.o).
".\Bufor.axf" - 3 Errors, 2 Warning(s).
Target not created
Rebuild target 'Target 1'
assembling Startup.s...
compiling main.c...
compiling uart.c...
compiling keyboard.c...
compiling led.c...
compiling servo.c...
compiling timer.c...
compiling timer_interrupts.c...
compiling command_decoder.c...
compiling string.c...
linking...
Program Size: Code=5256 RO-data=32 RW-data=36 ZI-data=1300  
FromELF: creating hex file...
".\Bufor.axf" - 0 Errors, 0 Warning(s).
Rebuild target 'Target 1'
assembling Startup.s...
compiling main.c...
main.c(63): warning:  #223-D: function "ServoToGo" declared implicitly
compiling uart.c...
compiling keyboard.c...
compiling led.c...
compiling servo.c...
compiling timer.c...
compiling timer_interrupts.c...
compiling command_decoder.c...
compiling string.c...
linking...
.\Bufor.axf: Error: L6218E: Undefined symbol ServoToGo (referred from main.o).
".\Bufor.axf" - 1 Errors, 1 Warning(s).
Target not created
Rebuild target 'Target 1'
assembling Startup.s...
compiling main.c...
main.c(63): warning:  #223-D: function "ServoToGo" declared implicitly
compiling uart.c...
compiling keyboard.c...
compiling led.c...
compiling servo.c...
compiling timer.c...
compiling timer_interrupts.c...
compiling command_decoder.c...
compiling string.c...
linking...
.\Bufor.axf: Error: L6218E: Undefined symbol ServoToGo (referred from main.o).
".\Bufor.axf" - 1 Errors, 1 Warning(s).
Target not created
Rebuild target 'Target 1'
assembling Startup.s...
compiling main.c...
compiling uart.c...
compiling keyboard.c...
compiling led.c...
compiling servo.c...
compiling timer.c...
compiling timer_interrupts.c...
compiling command_decoder.c...
compiling string.c...
linking...
Program Size: Code=5256 RO-data=32 RW-data=36 ZI-data=1300  
FromELF: creating hex file...
".\Bufor.axf" - 0 Errors, 0 Warning(s).
Rebuild target 'Target 1'
assembling Startup.s...
compiling main.c...
main.c(72): error: At end of source:  #67: expected a "}"
compiling uart.c...
compiling keyboard.c...
compiling led.c...
compiling servo.c...
compiling timer.c...
compiling timer_interrupts.c...
compiling command_decoder.c...
compiling string.c...
".\Bufor.axf" - 1 Errors, 0 Warning(s).
Target not created
Rebuild target 'Target 1'
assembling Startup.s...
compiling main.c...
compiling uart.c...
compiling keyboard.c...
compiling led.c...
compiling servo.c...
compiling timer.c...
compiling timer_interrupts.c...
compiling command_decoder.c...
compiling string.c...
linking...
Program Size: Code=5292 RO-data=32 RW-data=36 ZI-data=1300  
FromELF: creating hex file...
".\Bufor.axf" - 0 Errors, 0 Warning(s).
Rebuild target 'Target 1'
assembling Startup.s...
compiling main.c...
compiling uart.c...
compiling keyboard.c...
compiling led.c...
compiling servo.c...
compiling timer.c...
compiling timer_interrupts.c...
compiling command_decoder.c...
compiling string.c...
linking...
Program Size: Code=5292 RO-data=32 RW-data=36 ZI-data=1300  
FromELF: creating hex file...
".\Bufor.axf" - 0 Errors, 0 Warning(s).
Rebuild target 'Target 1'
assembling Startup.s...
compiling main.c...
compiling uart.c...
compiling keyboard.c...
compiling led.c...
compiling servo.c...
compiling timer.c...
compiling timer_interrupts.c...
compiling command_decoder.c...
compiling string.c...
linking...
Program Size: Code=5292 RO-data=32 RW-data=36 ZI-data=1300  
FromELF: creating hex file...
".\Bufor.axf" - 0 Errors, 0 Warning(s).
Rebuild target 'Target 1'
assembling Startup.s...
compiling main.c...
compiling uart.c...
compiling keyboard.c...
compiling led.c...
compiling servo.c...
compiling timer.c...
compiling timer_interrupts.c...
compiling command_decoder.c...
compiling string.c...
linking...
Program Size: Code=5292 RO-data=32 RW-data=36 ZI-data=1300  
FromELF: creating hex file...
".\Bufor.axf" - 0 Errors, 0 Warning(s).
Rebuild target 'Target 1'
assembling Startup.s...
compiling main.c...
compiling uart.c...
compiling keyboard.c...
compiling led.c...
compiling servo.c...
compiling timer.c...
compiling timer_interrupts.c...
compiling command_decoder.c...
compiling string.c...
linking...
Program Size: Code=5296 RO-data=32 RW-data=36 ZI-data=1300  
FromELF: creating hex file...
".\Bufor.axf" - 0 Errors, 0 Warning(s).
Rebuild target 'Target 1'
assembling Startup.s...
compiling main.c...
compiling uart.c...
compiling keyboard.c...
compiling led.c...
compiling servo.c...
compiling timer.c...
compiling timer_interrupts.c...
compiling command_decoder.c...
compiling string.c...
linking...
Program Size: Code=5296 RO-data=32 RW-data=36 ZI-data=1300  
FromELF: creating hex file...
".\Bufor.axf" - 0 Errors, 0 Warning(s).
Clean started: Project: 'Bufor'
   deleting intermediate output files for target 'Target 1'
