<html>
<body>
<pre>
<h1>µVision Build Log</h1>
<h2>Project:</h2>
D:\programowanie\studia_KEIL\LabPpsw\Current\automat.uvproj
Project File Date:  04/16/2025

<h2>Output:</h2>
Rebuild target 'Target 1'
assembling Startup.s...
compiling main.c...
linking...
.\automat.axf: Error: L6218E: Undefined symbol KeyboardInit (referred from main.o).
.\automat.axf: Error: L6218E: Undefined symbol LedInit (referred from main.o).
.\automat.axf: Error: L6218E: Undefined symbol LedStepRight (referred from main.o).
.\automat.axf: Error: L6218E: Undefined symbol eKeyboardRead (referred from main.o).
".\automat.axf" - 4 Errors, 0 Warning(s).
Target not created
Rebuild target 'Target 1'
assembling Startup.s...
compiling main.c...
compiling keyboard.c...
compiling led.c...
linking...
Program Size: Code=1320 RO-data=32 RW-data=4 ZI-data=1260  
FromELF: creating hex file...
".\automat.axf" - 0 Errors, 0 Warning(s).
Rebuild target 'Target 1'
assembling Startup.s...
compiling main.c...
main.c(2): error:  #5: cannot open source input file "./Library/keyboard.h": No such file or directory
compiling keyboard.c...
compiling led.c...
".\automat.axf" - 1 Errors, 0 Warning(s).
Target not created
Rebuild target 'Target 1'
assembling Startup.s...
compiling main.c...
main.c(2): error:  #5: cannot open source input file "keyboard.h": No such file or directory
compiling keyboard.c...
compiling led.c...
".\automat.axf" - 1 Errors, 0 Warning(s).
Target not created
Rebuild target 'Target 1'
assembling Startup.s...
compiling main.c...
compiling keyboard.c...
compiling led.c...
linking...
Program Size: Code=1320 RO-data=32 RW-data=4 ZI-data=1260  
FromELF: creating hex file...
".\automat.axf" - 0 Errors, 0 Warning(s).
Clean started: Project: 'automat'
   deleting intermediate output files for target 'Target 1'
