<html>
<body>
<pre>
<h1>µVision Build Log</h1>
<h2>Project:</h2>
C:\Users\student\LabPpsw\Uart\uart.uvproj
Project File Date:  05/21/2025

<h2>Output:</h2>
Rebuild target 'Target 1'
assembling Startup.s...
compiling uart.c...
compiling keyboard.c...
compiling servo.c...
compiling timer.c...
compiling timer_interrupts.c...
compiling main.c...
main.c(62): error:  #20: identifier "sServo" is undefined
main.c(64): warning:  #223-D: function "ServoGoToInDegree" declared implicitly
compiling led.c...
".\uart.axf" - 1 Errors, 1 Warning(s).
Target not created
Rebuild target 'Target 1'
assembling Startup.s...
compiling uart.c...
compiling keyboard.c...
compiling timer.c...
compiling timer_interrupts.c...
compiling main.c...
compiling led.c...
compiling servo.c...
linking...
Program Size: Code=3952 RO-data=32 RW-data=12 ZI-data=1276  
FromELF: creating hex file...
".\uart.axf" - 0 Errors, 0 Warning(s).
