<html>
<body>
<pre>
<h1>µVision Build Log</h1>
<h2>Project:</h2>
C:\Users\student\LabPpsw\Potencjometr\potencjometr.uvproj
Project File Date:  06/04/2025

<h2>Output:</h2>
Rebuild target 'Target 1'
assembling Startup.s...
compiling main.c...
compiling adc.c...
compiling keyboard.c...
compiling command_decoder.c...
compiling led.c...
compiling servo.c...
compiling string.c...
compiling timer.c...
compiling timer_interrupts.c...
compiling uart.c...
linking...
Program Size: Code=3420 RO-data=32 RW-data=12 ZI-data=1268  
FromELF: creating hex file...
".\potencjometr.axf" - 0 Errors, 0 Warning(s).
