<html>
<body>
<pre>
<h1>µVision Build Log</h1>
<h2>Project:</h2>
D:\programowanie\studia_KEIL\LabPpsw\Current\serwo.uvproj
Project File Date:  04/19/2025

<h2>Output:</h2>
Rebuild target 'Target 1'
assembling Startup.s...
compiling main.c...
compiling keyboard.c...
compiling led.c...
compiling timer.c...
compiling timer_interrupts.c...
linking...
Program Size: Code=1872 RO-data=32 RW-data=8 ZI-data=1272  
FromELF: creating hex file...
".\serwo.axf" - 0 Errors, 0 Warning(s).
Rebuild target 'Target 1'
assembling Startup.s...
compiling main.c...
compiling keyboard.c...
compiling led.c...
compiling timer.c...
compiling timer_interrupts.c...
linking...
Program Size: Code=1880 RO-data=32 RW-data=8 ZI-data=1272  
FromELF: creating hex file...
".\serwo.axf" - 0 Errors, 0 Warning(s).
Rebuild target 'Target 1'
assembling Startup.s...
compiling main.c...
compiling keyboard.c...
compiling led.c...
compiling timer.c...
compiling timer_interrupts.c...
linking...
Program Size: Code=1880 RO-data=32 RW-data=8 ZI-data=1272  
FromELF: creating hex file...
".\serwo.axf" - 0 Errors, 0 Warning(s).
Rebuild target 'Target 1'
assembling Startup.s...
compiling main.c...
compiling keyboard.c...
compiling led.c...
compiling timer.c...
compiling timer_interrupts.c...
linking...
Program Size: Code=3020 RO-data=32 RW-data=8 ZI-data=1272  
FromELF: creating hex file...
".\serwo.axf" - 0 Errors, 0 Warning(s).
Rebuild target 'Target 1'
assembling Startup.s...
compiling main.c...
compiling keyboard.c...
compiling led.c...
compiling timer.c...
compiling timer_interrupts.c...
linking...
Program Size: Code=3004 RO-data=32 RW-data=8 ZI-data=1272  
FromELF: creating hex file...
".\serwo.axf" - 0 Errors, 0 Warning(s).
Rebuild target 'Target 1'
assembling Startup.s...
compiling main.c...
main.c(55): error:  #65: expected a ";"
compiling keyboard.c...
compiling led.c...
compiling timer.c...
compiling timer_interrupts.c...
".\serwo.axf" - 1 Errors, 0 Warning(s).
Target not created
Rebuild target 'Target 1'
assembling Startup.s...
compiling main.c...
compiling keyboard.c...
compiling led.c...
compiling timer.c...
compiling timer_interrupts.c...
linking...
Program Size: Code=3012 RO-data=32 RW-data=8 ZI-data=1272  
FromELF: creating hex file...
".\serwo.axf" - 0 Errors, 0 Warning(s).
Rebuild target 'Target 1'
assembling Startup.s...
compiling main.c...
servo.h(28): warning:  #1-D: last line of file ends without a newline
compiling keyboard.c...
compiling led.c...
compiling timer.c...
compiling timer_interrupts.c...
linking...
.\serwo.axf: Error: L6218E: Undefined symbol DetectorInit (referred from main.o).
.\serwo.axf: Error: L6218E: Undefined symbol ServoCallib (referred from main.o).
.\serwo.axf: Error: L6218E: Undefined symbol ServoGoTo (referred from main.o).
.\serwo.axf: Error: L6218E: Undefined symbol ServoInit (referred from main.o).
".\serwo.axf" - 4 Errors, 1 Warning(s).
Target not created
Rebuild target 'Target 1'
assembling Startup.s...
compiling main.c...
servo.h(28): warning:  #1-D: last line of file ends without a newline
compiling keyboard.c...
compiling led.c...
compiling timer.c...
compiling timer_interrupts.c...
compiling servo.c...
servo.c(53): warning:  #223-D: function "LedStepRight" declared implicitly
servo.c(57): warning:  #223-D: function "LedStepLeft" declared implicitly
servo.c(77): warning:  #223-D: function "LedStepLeft" declared implicitly
servo.c(90): warning:  #223-D: function "LedInit" declared implicitly
linking...
.\serwo.axf: Error: L6200E: Symbol sServo multiply defined (by servo.o and main.o).
".\serwo.axf" - 1 Errors, 5 Warning(s).
Target not created
Rebuild target 'Target 1'
assembling Startup.s...
compiling main.c...
servo.h(28): warning:  #1-D: last line of file ends without a newline
compiling keyboard.c...
compiling led.c...
compiling timer.c...
compiling timer_interrupts.c...
compiling servo.c...
linking...
.\serwo.axf: Error: L6200E: Symbol sServo multiply defined (by servo.o and main.o).
".\serwo.axf" - 1 Errors, 1 Warning(s).
Target not created
Rebuild target 'Target 1'
assembling Startup.s...
compiling main.c...
servo.h(28): warning:  #1-D: last line of file ends without a newline
compiling keyboard.c...
compiling led.c...
compiling timer.c...
compiling timer_interrupts.c...
compiling servo.c...
servo.h(28): warning:  #1-D: last line of file ends without a newline
linking...
.\serwo.axf: Error: L6200E: Symbol sServo multiply defined (by servo.o and main.o).
".\serwo.axf" - 1 Errors, 2 Warning(s).
Target not created
Rebuild target 'Target 1'
assembling Startup.s...
compiling main.c...
compiling keyboard.c...
compiling led.c...
compiling timer.c...
compiling timer_interrupts.c...
compiling servo.c...
linking...
.\serwo.axf: Error: L6200E: Symbol sServo multiply defined (by servo.o and main.o).
".\serwo.axf" - 1 Errors, 0 Warning(s).
Target not created
Rebuild target 'Target 1'
assembling Startup.s...
compiling main.c...
compiling keyboard.c...
compiling led.c...
compiling timer.c...
compiling timer_interrupts.c...
compiling servo.c...
linking...
Program Size: Code=3012 RO-data=32 RW-data=8 ZI-data=1272  
FromELF: creating hex file...
".\serwo.axf" - 0 Errors, 0 Warning(s).
Rebuild target 'Target 1'
assembling Startup.s...
compiling main.c...
compiling keyboard.c...
compiling led.c...
compiling timer.c...
compiling timer_interrupts.c...
compiling servo.c...
linking...
Program Size: Code=3012 RO-data=32 RW-data=8 ZI-data=1272  
FromELF: creating hex file...
".\serwo.axf" - 0 Errors, 0 Warning(s).
Rebuild target 'Target 1'
assembling Startup.s...
compiling main.c...
compiling keyboard.c...
compiling led.c...
compiling timer.c...
compiling timer_interrupts.c...
compiling servo.c...
linking...
Program Size: Code=3012 RO-data=32 RW-data=8 ZI-data=1272  
FromELF: creating hex file...
".\serwo.axf" - 0 Errors, 0 Warning(s).
Clean started: Project: 'serwo'
   deleting intermediate output files for target 'Target 1'
