<html>
<body>
<pre>
<h1>µVision Build Log</h1>
<h2>Project:</h2>
D:\programowanie\studia_KEIL\LabPpsw\Current\interupt.uvproj
Project File Date:  04/17/2025

<h2>Output:</h2>
Rebuild target 'Target 1'
assembling Startup.s...
compiling main.c...
main.c(54): warning:  #1-D: last line of file ends without a newline
compiling keyboard.c...
compiling led.c...
linking...
Program Size: Code=1176 RO-data=32 RW-data=4 ZI-data=1260  
FromELF: creating hex file...
".\interupt.axf" - 0 Errors, 1 Warning(s).
Rebuild target 'Target 1'
assembling Startup.s...
compiling main.c...
compiling keyboard.c...
compiling led.c...
linking...
Program Size: Code=1176 RO-data=32 RW-data=4 ZI-data=1260  
FromELF: creating hex file...
".\interupt.axf" - 0 Errors, 0 Warning(s).
Rebuild target 'Target 1'
assembling Startup.s...
compiling main.c...
compiling keyboard.c...
compiling led.c...
linking...
Program Size: Code=1180 RO-data=32 RW-data=4 ZI-data=1260  
FromELF: creating hex file...
".\interupt.axf" - 0 Errors, 0 Warning(s).
Rebuild target 'Target 1'
assembling Startup.s...
compiling main.c...
compiling keyboard.c...
compiling led.c...
linking...
Program Size: Code=1180 RO-data=32 RW-data=4 ZI-data=1260  
FromELF: creating hex file...
".\interupt.axf" - 0 Errors, 0 Warning(s).
Rebuild target 'Target 1'
assembling Startup.s...
compiling main.c...
compiling keyboard.c...
compiling led.c...
linking...
Program Size: Code=1176 RO-data=32 RW-data=4 ZI-data=1260  
FromELF: creating hex file...
".\interupt.axf" - 0 Errors, 0 Warning(s).
Rebuild target 'Target 1'
assembling Startup.s...
compiling main.c...
compiling keyboard.c...
compiling led.c...
linking...
Program Size: Code=1180 RO-data=32 RW-data=4 ZI-data=1260  
FromELF: creating hex file...
".\interupt.axf" - 0 Errors, 0 Warning(s).
compiling main.c...
"main.c" - 0 Errors, 0 Warning(s).
Rebuild target 'Target 1'
assembling Startup.s...
compiling main.c...
compiling keyboard.c...
compiling led.c...
linking...
Program Size: Code=1180 RO-data=32 RW-data=4 ZI-data=1260  
FromELF: creating hex file...
".\interupt.axf" - 0 Errors, 0 Warning(s).
Rebuild target 'Target 1'
assembling Startup.s...
compiling main.c...
compiling keyboard.c...
compiling led.c...
linking...
Program Size: Code=1184 RO-data=32 RW-data=4 ZI-data=1260  
FromELF: creating hex file...
".\interupt.axf" - 0 Errors, 0 Warning(s).
Rebuild target 'Target 1'
assembling Startup.s...
compiling main.c...
compiling keyboard.c...
compiling led.c...
linking...
Program Size: Code=1184 RO-data=32 RW-data=4 ZI-data=1260  
FromELF: creating hex file...
".\interupt.axf" - 0 Errors, 0 Warning(s).
Clean started: Project: 'interupt'
   deleting intermediate output files for target 'Target 1'
