<html>
<body>
<pre>
<h1>µVision Build Log</h1>
<h2>Project:</h2>
D:\programowanie\studia_KEIL\LabPpsw\Current\odbiorlancuhowznakow.uvproj
Project File Date:  05/15/2025

<h2>Output:</h2>
Rebuild target 'Target 1'
assembling Startup.s...
compiling uart.c...
compiling main.c...
compiling servo.c...
compiling timer_interrupts.c...
compiling keyboard.c...
compiling lancuchy_PO.c...
compiling led.c...
linking...
Program Size: Code=4384 RO-data=32 RW-data=12 ZI-data=1284  
FromELF: creating hex file...
".\odbiorlancuhowznakow.axf" - 0 Errors, 0 Warning(s).
Rebuild target 'Target 1'
assembling Startup.s...
compiling uart.c...
compiling main.c...
compiling servo.c...
compiling timer_interrupts.c...
compiling keyboard.c...
compiling lancuchy_PO.c...
compiling led.c...
linking...
Program Size: Code=4384 RO-data=32 RW-data=12 ZI-data=1284  
FromELF: creating hex file...
".\odbiorlancuhowznakow.axf" - 0 Errors, 0 Warning(s).
Clean started: Project: 'odbiorlancuhowznakow'
   deleting intermediate output files for target 'Target 1'
